---
source: engine/crates/integration-tests/tests/graphql_connector/basic.rs
expression: "engine.execute(UNNAMESPACED_QUERY).variables(json!({\n                    \"id\" : \"4\"\n                })).await.into_value()"
---
{
  "data": {
    "serverVersion": "1",
    "pullRequestOrIssue": null
  }
}
