---
source: engine/crates/integration-tests/tests/graphql_connector/basic.rs
expression: value
---
{
  "data": {
    "pullRequestOrIssue": {
      "__typename": "PullRequest",
      "author": {
        "__typename": "Bot",
        "id": "123"
      },
      "checks": [
        "Success!"
      ],
      "title": "Some bot PR"
    },
    "serverVersion": "1"
  }
}
