---
source: common/parser-openapi/src/lib.rs
expression: discriminators
---
[
  [
    "StripeAccountUnion",
    [
      [
        "StripeAccount",
        {
          "FieldPresent": "object"
        }
      ]
    ]
  ],
  [
    "StripeApplicationFeeUnion",
    [
      [
        "StripeApplicationFee",
        {
          "FieldPresent": "refunds"
        }
      ]
    ]
  ],
  [
    "StripeApplicationUnion",
    [
      [
        "StripeApplication",
        {
          "FieldPresent": "object"
        }
      ]
    ]
  ],
  [
    "StripeBalanceTransactionUnion",
    [
      [
        "StripeBalanceTransaction",
        {
          "FieldPresent": "type"
        }
      ]
    ]
  ],
  [
    "StripeBillingPortalConfigurationUnion",
    [
      [
        "StripeBillingPortalConfiguration",
        {
          "FieldPresent": "updated"
        }
      ]
    ]
  ],
  [
    "StripeCardOrStripeBankAccountUnion",
    [
      [
        "StripeCard",
        {
          "FieldPresent": "funding"
        }
      ],
      [
        "StripeBankAccount",
        {
          "FieldHasValue": [
            "object",
            [
              "bank_account"
            ]
          ]
        }
      ]
    ]
  ],
  [
    "StripeChargeUnion",
    [
      [
        "StripeCharge",
        {
          "FieldPresent": "status"
        }
      ]
    ]
  ],
  [
    "StripeCreditNoteUnion",
    [
      [
        "StripeCreditNote",
        {
          "FieldPresent": "type"
        }
      ]
    ]
  ],
  [
    "StripeCustomerBalanceTransactionUnion",
    [
      [
        "StripeCustomerBalanceTransaction",
        {
          "FieldPresent": "type"
        }
      ]
    ]
  ],
  [
    "StripeCustomerUnion",
    [
      [
        "StripeCustomer",
        {
          "FieldPresent": "object"
        }
      ]
    ]
  ],
  [
    "StripeDeletedApplicationOrStripeApplicationUnion",
    [
      [
        "StripeDeletedApplication",
        {
          "FieldPresent": "deleted"
        }
      ],
      [
        "StripeApplication",
        {
          "FieldHasValue": [
            "object",
            [
              "application"
            ]
          ]
        }
      ]
    ]
  ],
  [
    "StripeDeletedCardOrStripeDeletedBankAccountOrStripeCardOrStripeBankAccountUnion",
    [
      [
        "StripeDeletedCard",
        {
          "FieldHasValue": [
            "object",
            [
              "card"
            ]
          ]
        }
      ],
      [
        "StripeDeletedBankAccount",
        {
          "FieldHasValue": [
            "object",
            [
              "bank_account"
            ]
          ]
        }
      ],
      [
        "StripeCard",
        {
          "FieldPresent": "funding"
        }
      ],
      [
        "StripeBankAccount",
        {
          "FieldHasValue": [
            "object",
            [
              "bank_account"
            ]
          ]
        }
      ]
    ]
  ],
  [
    "StripeDeletedCouponOrStripeCouponUnion",
    [
      [
        "StripeDeletedCoupon",
        {
          "FieldPresent": "deleted"
        }
      ],
      [
        "StripeCoupon",
        {
          "FieldPresent": "valid"
        }
      ]
    ]
  ],
  [
    "StripeDeletedCustomerOrStripeCustomerUnion",
    [
      [
        "StripeDeletedCustomer",
        {
          "FieldPresent": "deleted"
        }
      ],
      [
        "StripeCustomer",
        {
          "FieldPresent": "livemode"
        }
      ]
    ]
  ],
  [
    "StripeDeletedDiscountOrStripeDiscountUnion",
    [
      [
        "StripeDeletedDiscount",
        {
          "FieldPresent": "deleted"
        }
      ],
      [
        "StripeDiscount",
        {
          "FieldHasValue": [
            "object",
            [
              "discount"
            ]
          ]
        }
      ]
    ]
  ],
  [
    "StripeDeletedExternalAccount",
    [
      [
        "StripeDeletedCard",
        {
          "FieldHasValue": [
            "object",
            [
              "card"
            ]
          ]
        }
      ],
      [
        "StripeDeletedBankAccount",
        {
          "FieldHasValue": [
            "object",
            [
              "bank_account"
            ]
          ]
        }
      ]
    ]
  ],
  [
    "StripeDeletedInvoiceOrStripeInvoiceUnion",
    [
      [
        "StripeDeletedInvoice",
        {
          "FieldPresent": "deleted"
        }
      ],
      [
        "StripeInvoice",
        {
          "FieldPresent": "total_tax_amounts"
        }
      ]
    ]
  ],
  [
    "StripeDeletedPaymentSourceOrStripePaymentSourceUnion",
    [
      [
        "StripeDeletedCard",
        {
          "FieldHasValue": [
            "object",
            [
              "card"
            ]
          ]
        }
      ],
      [
        "StripeDeletedBankAccount",
        {
          "FieldHasValue": [
            "object",
            [
              "bank_account"
            ]
          ]
        }
      ],
      [
        "StripeSource",
        {
          "FieldPresent": "livemode"
        }
      ],
      [
        "StripeCard",
        {
          "FieldPresent": "funding"
        }
      ],
      [
        "StripeBankAccount",
        {
          "FieldHasValue": [
            "object",
            [
              "bank_account"
            ]
          ]
        }
      ],
      [
        "StripeAccount",
        {
          "FieldHasValue": [
            "type",
            [
              "custom",
              "express",
              "standard"
            ]
          ]
        }
      ]
    ]
  ],
  [
    "StripeDeletedPriceOrStripePriceUnion",
    [
      [
        "StripeDeletedPrice",
        {
          "FieldPresent": "deleted"
        }
      ],
      [
        "StripePrice",
        {
          "FieldPresent": "type"
        }
      ]
    ]
  ],
  [
    "StripeDeletedProductOrStripeProductUnion",
    [
      [
        "StripeDeletedProduct",
        {
          "FieldPresent": "deleted"
        }
      ],
      [
        "StripeProduct",
        {
          "FieldPresent": "updated"
        }
      ]
    ]
  ],
  [
    "StripeDeletedTaxIdOrStripeTaxIdUnion",
    [
      [
        "StripeDeletedTaxId",
        {
          "FieldPresent": "deleted"
        }
      ],
      [
        "StripeTaxId",
        {
          "FieldPresent": "value"
        }
      ]
    ]
  ],
  [
    "StripeDeletedTerminalConfigurationOrStripeTerminalConfigurationUnion",
    [
      [
        "StripeDeletedTerminalConfiguration",
        {
          "FieldPresent": "deleted"
        }
      ],
      [
        "StripeTerminalConfiguration",
        {
          "FieldPresent": "livemode"
        }
      ]
    ]
  ],
  [
    "StripeDeletedTerminalLocationOrStripeTerminalLocationUnion",
    [
      [
        "StripeDeletedTerminalLocation",
        {
          "FieldPresent": "deleted"
        }
      ],
      [
        "StripeTerminalLocation",
        {
          "FieldPresent": "metadata"
        }
      ]
    ]
  ],
  [
    "StripeDeletedTerminalReaderOrStripeTerminalReaderUnion",
    [
      [
        "StripeDeletedTerminalReader",
        {
          "FieldPresent": "deleted"
        }
      ],
      [
        "StripeTerminalReader",
        {
          "FieldPresent": "serial_number"
        }
      ]
    ]
  ],
  [
    "StripeDiscountUnion",
    [
      [
        "StripeDiscount",
        {
          "FieldPresent": "start"
        }
      ]
    ]
  ],
  [
    "StripeExternalAccount",
    [
      [
        "StripeCard",
        {
          "FieldPresent": "funding"
        }
      ],
      [
        "StripeBankAccount",
        {
          "FieldHasValue": [
            "object",
            [
              "bank_account"
            ]
          ]
        }
      ]
    ]
  ],
  [
    "StripeFileUnion",
    [
      [
        "StripeFile",
        {
          "FieldPresent": "size"
        }
      ]
    ]
  ],
  [
    "StripeFinancialConnectionsAccountOwnershipUnion",
    [
      [
        "StripeFinancialConnectionsAccountOwnership",
        {
          "FieldPresent": "owners"
        }
      ]
    ]
  ],
  [
    "StripeIdentityVerificationReportUnion",
    [
      [
        "StripeIdentityVerificationReport",
        {
          "FieldPresent": "type"
        }
      ]
    ]
  ],
  [
    "StripeInvoiceUnion",
    [
      [
        "StripeInvoice",
        {
          "FieldPresent": "total_tax_amounts"
        }
      ]
    ]
  ],
  [
    "StripeIssuingAuthorizationUnion",
    [
      [
        "StripeIssuingAuthorization",
        {
          "FieldPresent": "verification_data"
        }
      ]
    ]
  ],
  [
    "StripeIssuingCardUnion",
    [
      [
        "StripeIssuingCard",
        {
          "FieldPresent": "type"
        }
      ]
    ]
  ],
  [
    "StripeIssuingCardholderUnion",
    [
      [
        "StripeIssuingCardholder",
        {
          "FieldPresent": "type"
        }
      ]
    ]
  ],
  [
    "StripeIssuingDisputeUnion",
    [
      [
        "StripeIssuingDispute",
        {
          "FieldPresent": "transaction"
        }
      ]
    ]
  ],
  [
    "StripeIssuingTransactionUnion",
    [
      [
        "StripeIssuingTransaction",
        {
          "FieldPresent": "type"
        }
      ]
    ]
  ],
  [
    "StripeMandateUnion",
    [
      [
        "StripeMandate",
        {
          "FieldPresent": "type"
        }
      ]
    ]
  ],
  [
    "StripePaymentIntentTypeSpecificPaymentMethodOptionsClientOrStripePaymentIntentPaymentMethodOptionsAcssDebitUnion",
    [
      [
        "StripePaymentIntentTypeSpecificPaymentMethodOptionsClient",
        {
          "FieldHasValue": [
            "verification_method",
            [
              "automatic",
              "instant",
              "microdeposits"
            ]
          ]
        }
      ],
      [
        "StripePaymentIntentPaymentMethodOptionsAcssDebit",
        {
          "FieldHasValue": [
            "verification_method",
            [
              "automatic",
              "instant",
              "microdeposits"
            ]
          ]
        }
      ]
    ]
  ],
  [
    "StripePaymentIntentTypeSpecificPaymentMethodOptionsClientOrStripePaymentIntentPaymentMethodOptionsAuBecsDebitUnion",
    [
      [
        "StripePaymentIntentTypeSpecificPaymentMethodOptionsClient",
        {
          "FieldHasValue": [
            "verification_method",
            [
              "automatic",
              "instant",
              "microdeposits"
            ]
          ]
        }
      ],
      [
        "StripePaymentIntentPaymentMethodOptionsAuBecsDebit",
        {
          "FieldHasValue": [
            "setup_future_usage",
            [
              "none",
              "off_session",
              "on_session"
            ]
          ]
        }
      ]
    ]
  ],
  [
    "StripePaymentIntentTypeSpecificPaymentMethodOptionsClientOrStripePaymentIntentPaymentMethodOptionsCardUnion",
    [
      [
        "StripePaymentIntentTypeSpecificPaymentMethodOptionsClient",
        {
          "FieldHasValue": [
            "verification_method",
            [
              "automatic",
              "instant",
              "microdeposits"
            ]
          ]
        }
      ],
      [
        "StripePaymentIntentPaymentMethodOptionsCard",
        {
          "FieldHasValue": [
            "setup_future_usage",
            [
              "none",
              "off_session",
              "on_session"
            ]
          ]
        }
      ]
    ]
  ],
  [
    "StripePaymentIntentTypeSpecificPaymentMethodOptionsClientOrStripePaymentIntentPaymentMethodOptionsEpsUnion",
    [
      [
        "StripePaymentIntentTypeSpecificPaymentMethodOptionsClient",
        {
          "FieldHasValue": [
            "verification_method",
            [
              "automatic",
              "instant",
              "microdeposits"
            ]
          ]
        }
      ],
      [
        "StripePaymentIntentPaymentMethodOptionsEps",
        {
          "FieldHasValue": [
            "setup_future_usage",
            [
              "none"
            ]
          ]
        }
      ]
    ]
  ],
  [
    "StripePaymentIntentTypeSpecificPaymentMethodOptionsClientOrStripePaymentIntentPaymentMethodOptionsLinkUnion",
    [
      [
        "StripePaymentIntentTypeSpecificPaymentMethodOptionsClient",
        {
          "FieldHasValue": [
            "verification_method",
            [
              "automatic",
              "instant",
              "microdeposits"
            ]
          ]
        }
      ],
      [
        "StripePaymentIntentPaymentMethodOptionsLink",
        {
          "FieldHasValue": [
            "setup_future_usage",
            [
              "none",
              "off_session"
            ]
          ]
        }
      ]
    ]
  ],
  [
    "StripePaymentIntentTypeSpecificPaymentMethodOptionsClientOrStripePaymentIntentPaymentMethodOptionsSepaDebitUnion",
    [
      [
        "StripePaymentIntentTypeSpecificPaymentMethodOptionsClient",
        {
          "FieldHasValue": [
            "verification_method",
            [
              "automatic",
              "instant",
              "microdeposits"
            ]
          ]
        }
      ],
      [
        "StripePaymentIntentPaymentMethodOptionsSepaDebit",
        {
          "FieldHasValue": [
            "setup_future_usage",
            [
              "none",
              "off_session",
              "on_session"
            ]
          ]
        }
      ]
    ]
  ],
  [
    "StripePaymentIntentTypeSpecificPaymentMethodOptionsClientOrStripePaymentIntentPaymentMethodOptionsUsBankAccountUnion",
    [
      [
        "StripePaymentIntentTypeSpecificPaymentMethodOptionsClient",
        {
          "FieldHasValue": [
            "verification_method",
            [
              "automatic",
              "instant",
              "microdeposits"
            ]
          ]
        }
      ],
      [
        "StripePaymentIntentPaymentMethodOptionsUsBankAccount",
        {
          "FieldHasValue": [
            "verification_method",
            [
              "automatic",
              "instant",
              "microdeposits"
            ]
          ]
        }
      ]
    ]
  ],
  [
    "StripePaymentIntentTypeSpecificPaymentMethodOptionsClientOrStripePaymentMethodOptionsAffirmUnion",
    [
      [
        "StripePaymentIntentTypeSpecificPaymentMethodOptionsClient",
        {
          "FieldHasValue": [
            "verification_method",
            [
              "automatic",
              "instant",
              "microdeposits"
            ]
          ]
        }
      ],
      [
        "StripePaymentMethodOptionsAffirm",
        {
          "FieldHasValue": [
            "setup_future_usage",
            [
              "none"
            ]
          ]
        }
      ]
    ]
  ],
  [
    "StripePaymentIntentTypeSpecificPaymentMethodOptionsClientOrStripePaymentMethodOptionsAfterpayClearpayUnion",
    [
      [
        "StripePaymentIntentTypeSpecificPaymentMethodOptionsClient",
        {
          "FieldHasValue": [
            "verification_method",
            [
              "automatic",
              "instant",
              "microdeposits"
            ]
          ]
        }
      ],
      [
        "StripePaymentMethodOptionsAfterpayClearpay",
        {
          "FieldHasValue": [
            "setup_future_usage",
            [
              "none"
            ]
          ]
        }
      ]
    ]
  ],
  [
    "StripePaymentIntentTypeSpecificPaymentMethodOptionsClientOrStripePaymentMethodOptionsAlipayUnion",
    [
      [
        "StripePaymentIntentTypeSpecificPaymentMethodOptionsClient",
        {
          "FieldHasValue": [
            "verification_method",
            [
              "automatic",
              "instant",
              "microdeposits"
            ]
          ]
        }
      ],
      [
        "StripePaymentMethodOptionsAlipay",
        {
          "FieldHasValue": [
            "setup_future_usage",
            [
              "none",
              "off_session"
            ]
          ]
        }
      ]
    ]
  ],
  [
    "StripePaymentIntentTypeSpecificPaymentMethodOptionsClientOrStripePaymentMethodOptionsBacsDebitUnion",
    [
      [
        "StripePaymentIntentTypeSpecificPaymentMethodOptionsClient",
        {
          "FieldHasValue": [
            "verification_method",
            [
              "automatic",
              "instant",
              "microdeposits"
            ]
          ]
        }
      ],
      [
        "StripePaymentMethodOptionsBacsDebit",
        {
          "FieldHasValue": [
            "setup_future_usage",
            [
              "none",
              "off_session",
              "on_session"
            ]
          ]
        }
      ]
    ]
  ],
  [
    "StripePaymentIntentTypeSpecificPaymentMethodOptionsClientOrStripePaymentMethodOptionsBancontactUnion",
    [
      [
        "StripePaymentIntentTypeSpecificPaymentMethodOptionsClient",
        {
          "FieldHasValue": [
            "verification_method",
            [
              "automatic",
              "instant",
              "microdeposits"
            ]
          ]
        }
      ],
      [
        "StripePaymentMethodOptionsBancontact",
        {
          "FieldPresent": "preferred_language"
        }
      ]
    ]
  ],
  [
    "StripePaymentIntentTypeSpecificPaymentMethodOptionsClientOrStripePaymentMethodOptionsBoletoUnion",
    [
      [
        "StripePaymentIntentTypeSpecificPaymentMethodOptionsClient",
        {
          "FieldHasValue": [
            "verification_method",
            [
              "automatic",
              "instant",
              "microdeposits"
            ]
          ]
        }
      ],
      [
        "StripePaymentMethodOptionsBoleto",
        {
          "FieldPresent": "expires_after_days"
        }
      ]
    ]
  ],
  [
    "StripePaymentIntentTypeSpecificPaymentMethodOptionsClientOrStripePaymentMethodOptionsCardPresentUnion",
    [
      [
        "StripePaymentMethodOptionsCardPresent",
        "Fallback"
      ],
      [
        "StripePaymentIntentTypeSpecificPaymentMethodOptionsClient",
        {
          "FieldHasValue": [
            "verification_method",
            [
              "automatic",
              "instant",
              "microdeposits"
            ]
          ]
        }
      ]
    ]
  ],
  [
    "StripePaymentIntentTypeSpecificPaymentMethodOptionsClientOrStripePaymentMethodOptionsCustomerBalanceUnion",
    [
      [
        "StripePaymentIntentTypeSpecificPaymentMethodOptionsClient",
        {
          "FieldHasValue": [
            "verification_method",
            [
              "automatic",
              "instant",
              "microdeposits"
            ]
          ]
        }
      ],
      [
        "StripePaymentMethodOptionsCustomerBalance",
        {
          "FieldHasValue": [
            "setup_future_usage",
            [
              "none"
            ]
          ]
        }
      ]
    ]
  ],
  [
    "StripePaymentIntentTypeSpecificPaymentMethodOptionsClientOrStripePaymentMethodOptionsFpxUnion",
    [
      [
        "StripePaymentIntentTypeSpecificPaymentMethodOptionsClient",
        {
          "FieldHasValue": [
            "verification_method",
            [
              "automatic",
              "instant",
              "microdeposits"
            ]
          ]
        }
      ],
      [
        "StripePaymentMethodOptionsFpx",
        {
          "FieldHasValue": [
            "setup_future_usage",
            [
              "none"
            ]
          ]
        }
      ]
    ]
  ],
  [
    "StripePaymentIntentTypeSpecificPaymentMethodOptionsClientOrStripePaymentMethodOptionsGiropayUnion",
    [
      [
        "StripePaymentIntentTypeSpecificPaymentMethodOptionsClient",
        {
          "FieldHasValue": [
            "verification_method",
            [
              "automatic",
              "instant",
              "microdeposits"
            ]
          ]
        }
      ],
      [
        "StripePaymentMethodOptionsGiropay",
        {
          "FieldHasValue": [
            "setup_future_usage",
            [
              "none"
            ]
          ]
        }
      ]
    ]
  ],
  [
    "StripePaymentIntentTypeSpecificPaymentMethodOptionsClientOrStripePaymentMethodOptionsGrabpayUnion",
    [
      [
        "StripePaymentIntentTypeSpecificPaymentMethodOptionsClient",
        {
          "FieldHasValue": [
            "verification_method",
            [
              "automatic",
              "instant",
              "microdeposits"
            ]
          ]
        }
      ],
      [
        "StripePaymentMethodOptionsGrabpay",
        {
          "FieldHasValue": [
            "setup_future_usage",
            [
              "none"
            ]
          ]
        }
      ]
    ]
  ],
  [
    "StripePaymentIntentTypeSpecificPaymentMethodOptionsClientOrStripePaymentMethodOptionsIdealUnion",
    [
      [
        "StripePaymentIntentTypeSpecificPaymentMethodOptionsClient",
        {
          "FieldHasValue": [
            "verification_method",
            [
              "automatic",
              "instant",
              "microdeposits"
            ]
          ]
        }
      ],
      [
        "StripePaymentMethodOptionsIdeal",
        {
          "FieldHasValue": [
            "setup_future_usage",
            [
              "none",
              "off_session"
            ]
          ]
        }
      ]
    ]
  ],
  [
    "StripePaymentIntentTypeSpecificPaymentMethodOptionsClientOrStripePaymentMethodOptionsKlarnaUnion",
    [
      [
        "StripePaymentIntentTypeSpecificPaymentMethodOptionsClient",
        {
          "FieldHasValue": [
            "verification_method",
            [
              "automatic",
              "instant",
              "microdeposits"
            ]
          ]
        }
      ],
      [
        "StripePaymentMethodOptionsKlarna",
        {
          "FieldHasValue": [
            "setup_future_usage",
            [
              "none"
            ]
          ]
        }
      ]
    ]
  ],
  [
    "StripePaymentIntentTypeSpecificPaymentMethodOptionsClientOrStripePaymentMethodOptionsKonbiniUnion",
    [
      [
        "StripePaymentIntentTypeSpecificPaymentMethodOptionsClient",
        {
          "FieldHasValue": [
            "verification_method",
            [
              "automatic",
              "instant",
              "microdeposits"
            ]
          ]
        }
      ],
      [
        "StripePaymentMethodOptionsKonbini",
        {
          "FieldHasValue": [
            "setup_future_usage",
            [
              "none"
            ]
          ]
        }
      ]
    ]
  ],
  [
    "StripePaymentIntentTypeSpecificPaymentMethodOptionsClientOrStripePaymentMethodOptionsOxxoUnion",
    [
      [
        "StripePaymentIntentTypeSpecificPaymentMethodOptionsClient",
        {
          "FieldHasValue": [
            "verification_method",
            [
              "automatic",
              "instant",
              "microdeposits"
            ]
          ]
        }
      ],
      [
        "StripePaymentMethodOptionsOxxo",
        {
          "FieldPresent": "expires_after_days"
        }
      ]
    ]
  ],
  [
    "StripePaymentIntentTypeSpecificPaymentMethodOptionsClientOrStripePaymentMethodOptionsP24Union",
    [
      [
        "StripePaymentIntentTypeSpecificPaymentMethodOptionsClient",
        {
          "FieldHasValue": [
            "verification_method",
            [
              "automatic",
              "instant",
              "microdeposits"
            ]
          ]
        }
      ],
      [
        "StripePaymentMethodOptionsP24",
        {
          "FieldHasValue": [
            "setup_future_usage",
            [
              "none"
            ]
          ]
        }
      ]
    ]
  ],
  [
    "StripePaymentIntentTypeSpecificPaymentMethodOptionsClientOrStripePaymentMethodOptionsPaynowUnion",
    [
      [
        "StripePaymentIntentTypeSpecificPaymentMethodOptionsClient",
        {
          "FieldHasValue": [
            "verification_method",
            [
              "automatic",
              "instant",
              "microdeposits"
            ]
          ]
        }
      ],
      [
        "StripePaymentMethodOptionsPaynow",
        {
          "FieldHasValue": [
            "setup_future_usage",
            [
              "none"
            ]
          ]
        }
      ]
    ]
  ],
  [
    "StripePaymentIntentTypeSpecificPaymentMethodOptionsClientOrStripePaymentMethodOptionsPixUnion",
    [
      [
        "StripePaymentIntentTypeSpecificPaymentMethodOptionsClient",
        {
          "FieldHasValue": [
            "verification_method",
            [
              "automatic",
              "instant",
              "microdeposits"
            ]
          ]
        }
      ],
      [
        "StripePaymentMethodOptionsPix",
        {
          "FieldHasValue": [
            "setup_future_usage",
            [
              "none"
            ]
          ]
        }
      ]
    ]
  ],
  [
    "StripePaymentIntentTypeSpecificPaymentMethodOptionsClientOrStripePaymentMethodOptionsPromptpayUnion",
    [
      [
        "StripePaymentIntentTypeSpecificPaymentMethodOptionsClient",
        {
          "FieldHasValue": [
            "verification_method",
            [
              "automatic",
              "instant",
              "microdeposits"
            ]
          ]
        }
      ],
      [
        "StripePaymentMethodOptionsPromptpay",
        {
          "FieldHasValue": [
            "setup_future_usage",
            [
              "none"
            ]
          ]
        }
      ]
    ]
  ],
  [
    "StripePaymentIntentTypeSpecificPaymentMethodOptionsClientOrStripePaymentMethodOptionsSofortUnion",
    [
      [
        "StripePaymentIntentTypeSpecificPaymentMethodOptionsClient",
        {
          "FieldHasValue": [
            "verification_method",
            [
              "automatic",
              "instant",
              "microdeposits"
            ]
          ]
        }
      ],
      [
        "StripePaymentMethodOptionsSofort",
        {
          "FieldHasValue": [
            "setup_future_usage",
            [
              "none",
              "off_session"
            ]
          ]
        }
      ]
    ]
  ],
  [
    "StripePaymentIntentTypeSpecificPaymentMethodOptionsClientOrStripePaymentMethodOptionsWechatPayUnion",
    [
      [
        "StripePaymentIntentTypeSpecificPaymentMethodOptionsClient",
        {
          "FieldHasValue": [
            "verification_method",
            [
              "automatic",
              "instant",
              "microdeposits"
            ]
          ]
        }
      ],
      [
        "StripePaymentMethodOptionsWechatPay",
        {
          "FieldHasValue": [
            "setup_future_usage",
            [
              "none"
            ]
          ]
        }
      ]
    ]
  ],
  [
    "StripePaymentIntentTypeSpecificPaymentMethodOptionsClientUnion",
    [
      [
        "StripePaymentIntentTypeSpecificPaymentMethodOptionsClient",
        {
          "FieldHasValue": [
            "verification_method",
            [
              "automatic",
              "instant",
              "microdeposits"
            ]
          ]
        }
      ]
    ]
  ],
  [
    "StripePaymentIntentUnion",
    [
      [
        "StripePaymentIntent",
        {
          "FieldPresent": "status"
        }
      ]
    ]
  ],
  [
    "StripePaymentLinkUnion",
    [
      [
        "StripePaymentLink",
        {
          "FieldPresent": "url"
        }
      ]
    ]
  ],
  [
    "StripePaymentMethodUnion",
    [
      [
        "StripePaymentMethod",
        {
          "FieldPresent": "type"
        }
      ]
    ]
  ],
  [
    "StripePaymentSource",
    [
      [
        "StripeSource",
        {
          "FieldPresent": "livemode"
        }
      ],
      [
        "StripeCard",
        {
          "FieldPresent": "funding"
        }
      ],
      [
        "StripeBankAccount",
        {
          "FieldHasValue": [
            "object",
            [
              "bank_account"
            ]
          ]
        }
      ],
      [
        "StripeAccount",
        {
          "FieldHasValue": [
            "type",
            [
              "custom",
              "express",
              "standard"
            ]
          ]
        }
      ]
    ]
  ],
  [
    "StripePayoutUnion",
    [
      [
        "StripePayout",
        {
          "FieldPresent": "type"
        }
      ]
    ]
  ],
  [
    "StripePriceUnion",
    [
      [
        "StripePrice",
        {
          "FieldPresent": "type"
        }
      ]
    ]
  ],
  [
    "StripePromotionCodeUnion",
    [
      [
        "StripePromotionCode",
        {
          "FieldPresent": "times_redeemed"
        }
      ]
    ]
  ],
  [
    "StripeQuoteUnion",
    [
      [
        "StripeQuote",
        {
          "FieldPresent": "total_details"
        }
      ]
    ]
  ],
  [
    "StripeRefundUnion",
    [
      [
        "StripeRefund",
        {
          "FieldPresent": "object"
        }
      ]
    ]
  ],
  [
    "StripeReviewUnion",
    [
      [
        "StripeReview",
        {
          "FieldPresent": "reason"
        }
      ]
    ]
  ],
  [
    "StripeRuleUnion",
    [
      [
        "StripeRule",
        {
          "FieldPresent": "predicate"
        }
      ]
    ]
  ],
  [
    "StripeSetupAttemptUnion",
    [
      [
        "StripeSetupAttempt",
        {
          "FieldPresent": "usage"
        }
      ]
    ]
  ],
  [
    "StripeSetupIntentTypeSpecificPaymentMethodOptionsClientOrStripeSetupIntentPaymentMethodOptionsAcssDebitUnion",
    [
      [
        "StripeSetupIntentTypeSpecificPaymentMethodOptionsClient",
        {
          "FieldHasValue": [
            "verification_method",
            [
              "automatic",
              "instant",
              "microdeposits"
            ]
          ]
        }
      ],
      [
        "StripeSetupIntentPaymentMethodOptionsAcssDebit",
        {
          "FieldHasValue": [
            "verification_method",
            [
              "automatic",
              "instant",
              "microdeposits"
            ]
          ]
        }
      ]
    ]
  ],
  [
    "StripeSetupIntentTypeSpecificPaymentMethodOptionsClientOrStripeSetupIntentPaymentMethodOptionsBlikUnion",
    [
      [
        "StripeSetupIntentPaymentMethodOptionsBlik",
        "Fallback"
      ],
      [
        "StripeSetupIntentTypeSpecificPaymentMethodOptionsClient",
        {
          "FieldHasValue": [
            "verification_method",
            [
              "automatic",
              "instant",
              "microdeposits"
            ]
          ]
        }
      ]
    ]
  ],
  [
    "StripeSetupIntentTypeSpecificPaymentMethodOptionsClientOrStripeSetupIntentPaymentMethodOptionsLinkUnion",
    [
      [
        "StripeSetupIntentPaymentMethodOptionsLink",
        "Fallback"
      ],
      [
        "StripeSetupIntentTypeSpecificPaymentMethodOptionsClient",
        {
          "FieldHasValue": [
            "verification_method",
            [
              "automatic",
              "instant",
              "microdeposits"
            ]
          ]
        }
      ]
    ]
  ],
  [
    "StripeSetupIntentTypeSpecificPaymentMethodOptionsClientOrStripeSetupIntentPaymentMethodOptionsSepaDebitUnion",
    [
      [
        "StripeSetupIntentPaymentMethodOptionsSepaDebit",
        "Fallback"
      ],
      [
        "StripeSetupIntentTypeSpecificPaymentMethodOptionsClient",
        {
          "FieldHasValue": [
            "verification_method",
            [
              "automatic",
              "instant",
              "microdeposits"
            ]
          ]
        }
      ]
    ]
  ],
  [
    "StripeSetupIntentTypeSpecificPaymentMethodOptionsClientOrStripeSetupIntentPaymentMethodOptionsUsBankAccountUnion",
    [
      [
        "StripeSetupIntentTypeSpecificPaymentMethodOptionsClient",
        {
          "FieldHasValue": [
            "verification_method",
            [
              "automatic",
              "instant",
              "microdeposits"
            ]
          ]
        }
      ],
      [
        "StripeSetupIntentPaymentMethodOptionsUsBankAccount",
        {
          "FieldHasValue": [
            "verification_method",
            [
              "automatic",
              "instant",
              "microdeposits"
            ]
          ]
        }
      ]
    ]
  ],
  [
    "StripeSetupIntentUnion",
    [
      [
        "StripeSetupIntent",
        {
          "FieldPresent": "usage"
        }
      ]
    ]
  ],
  [
    "StripeShippingRateUnion",
    [
      [
        "StripeShippingRate",
        {
          "FieldPresent": "type"
        }
      ]
    ]
  ],
  [
    "StripeSourceOrStripeBankAccountOrStripeCardUnion",
    [
      [
        "StripeSource",
        {
          "FieldPresent": "type"
        }
      ],
      [
        "StripeBankAccount",
        {
          "FieldHasValue": [
            "object",
            [
              "bank_account"
            ]
          ]
        }
      ],
      [
        "StripeCard",
        {
          "FieldPresent": "funding"
        }
      ]
    ]
  ],
  [
    "StripeSourceOrStripeCardOrStripeBankAccountUnion",
    [
      [
        "StripeSource",
        {
          "FieldPresent": "type"
        }
      ],
      [
        "StripeCard",
        {
          "FieldPresent": "funding"
        }
      ],
      [
        "StripeBankAccount",
        {
          "FieldHasValue": [
            "object",
            [
              "bank_account"
            ]
          ]
        }
      ]
    ]
  ],
  [
    "StripeSubscriptionScheduleUnion",
    [
      [
        "StripeSubscriptionSchedule",
        {
          "FieldPresent": "status"
        }
      ]
    ]
  ],
  [
    "StripeSubscriptionUnion",
    [
      [
        "StripeSubscription",
        {
          "FieldPresent": "status"
        }
      ]
    ]
  ],
  [
    "StripeTaxCodeUnion",
    [
      [
        "StripeTaxCode",
        {
          "FieldPresent": "object"
        }
      ]
    ]
  ],
  [
    "StripeTaxRateUnion",
    [
      [
        "StripeTaxRate",
        {
          "FieldPresent": "percentage"
        }
      ]
    ]
  ],
  [
    "StripeTerminalLocationUnion",
    [
      [
        "StripeTerminalLocation",
        {
          "FieldPresent": "object"
        }
      ]
    ]
  ],
  [
    "StripeTestHelpersTestClockUnion",
    [
      [
        "StripeTestHelpersTestClock",
        {
          "FieldPresent": "status"
        }
      ]
    ]
  ],
  [
    "StripeTransferReversalOrStripeTransferOrStripeTopupOrStripeTaxDeductedAtSourceOrStripeReserveTransactionOrStripeRefundOrStripePlatformTaxFeeOrStripePayoutOrStripeIssuingTransactionOrStripeIssuingDisputeOrStripeIssuingAuthorizationOrStripeFeeRefundOrStripeDisputeOrStripeConnectCollectionTransferOrStripeChargeOrStripeApplicationFeeUnion",
    [
      [
        "StripeTransferReversal",
        {
          "FieldHasValue": [
            "object",
            [
              "transfer_reversal"
            ]
          ]
        }
      ],
      [
        "StripeTransfer",
        {
          "FieldPresent": "reversed"
        }
      ],
      [
        "StripeTopup",
        {
          "FieldHasValue": [
            "status",
            [
              "canceled",
              "failed",
              "pending",
              "reversed",
              "succeeded"
            ]
          ]
        }
      ],
      [
        "StripeTaxDeductedAtSource",
        {
          "FieldPresent": "tax_deduction_account_number"
        }
      ],
      [
        "StripeReserveTransaction",
        {
          "FieldHasValue": [
            "object",
            [
              "reserve_transaction"
            ]
          ]
        }
      ],
      [
        "StripeRefund",
        {
          "FieldHasValue": [
            "reason",
            [
              "duplicate",
              "expired_uncaptured_charge",
              "fraudulent",
              "requested_by_customer"
            ]
          ]
        }
      ],
      [
        "StripePlatformTaxFee",
        {
          "FieldHasValue": [
            "object",
            [
              "platform_tax_fee"
            ]
          ]
        }
      ],
      [
        "StripePayout",
        {
          "FieldPresent": "method"
        }
      ],
      [
        "StripeIssuingTransaction",
        {
          "FieldHasValue": [
            "wallet",
            [
              "apple_pay",
              "google_pay",
              "samsung_pay"
            ]
          ]
        }
      ],
      [
        "StripeIssuingDispute",
        {
          "FieldPresent": "transaction"
        }
      ],
      [
        "StripeIssuingAuthorization",
        {
          "FieldPresent": "verification_data"
        }
      ],
      [
        "StripeFeeRefund",
        {
          "FieldPresent": "fee"
        }
      ],
      [
        "StripeDispute",
        {
          "FieldPresent": "is_charge_refundable"
        }
      ],
      [
        "StripeConnectCollectionTransfer",
        {
          "FieldHasValue": [
            "object",
            [
              "connect_collection_transfer"
            ]
          ]
        }
      ],
      [
        "StripeCharge",
        {
          "FieldPresent": "paid"
        }
      ],
      [
        "StripeApplicationFee",
        {
          "FieldHasValue": [
            "object",
            [
              "application_fee"
            ]
          ]
        }
      ]
    ]
  ],
  [
    "StripeTransferReversalUnion",
    [
      [
        "StripeTransferReversal",
        {
          "FieldPresent": "transfer"
        }
      ]
    ]
  ],
  [
    "StripeTransferUnion",
    [
      [
        "StripeTransfer",
        {
          "FieldPresent": "reversed"
        }
      ]
    ]
  ],
  [
    "StripeTreasuryTransactionUnion",
    [
      [
        "StripeTreasuryTransaction",
        {
          "FieldPresent": "status_transitions"
        }
      ]
    ]
  ]
]
