---
source: common/parser/src/registry/update_mutation.rs
expression: sdl
---
"""
Input to create a new AuthorCommentedComment
"""
input AuthorCommentedCommentCreateInput {
	post: CommentCommentsPostCreateRelationInput
	comment: String!
	like: Int!
}
"""
Input to update a AuthorCommentedComment relation
"""
input AuthorCommentedCommentUpdateRelationInput {
	create: AuthorCommentedCommentCreateInput
	link: ID
	unlink: ID
}
"""
Input to create a new AuthorPublishedPost
"""
input AuthorPublishedPostCreateInput {
	content: String!
	comments: [PostCommentsCommentCreateRelationInput]
}
"""
Input to update a AuthorPublishedPost relation
"""
input AuthorPublishedPostUpdateRelationInput {
	create: AuthorPublishedPostCreateInput
	link: ID
	unlink: ID
}
"""
Input to create a new Author
"""
input AuthorUpdateInput {
	lastname: String
	published: [AuthorPublishedPostUpdateRelationInput]
	commented: [AuthorCommentedCommentUpdateRelationInput]
}
type AuthorUpdatePayload {
	author: Author
}
schema {
	query: Query
}

