---
source: crates/parser-graphql/src/conversion.rs
expression: registry_from_introspection(schema)
---
{
  "types": {
    "Boolean": {
      "S": {
        "n": "Boolean",
        "d": "The `Boolean` scalar type represents `true` or `false`.",
        "p": "PassThrough"
      }
    },
    "Film": {
      "O": {
        "n": "Film",
        "d": "A single film.",
        "f": {
          "characterConnection": {
            "n": "characterConnection",
            "a": {
              "after": {
                "n": "after",
                "t": "String"
              },
              "before": {
                "n": "before",
                "t": "String"
              },
              "first": {
                "n": "first",
                "t": "Int"
              },
              "last": {
                "n": "last",
                "t": "Int"
              }
            },
            "t": "FilmCharactersConnection",
            "D": "N"
          },
          "created": {
            "n": "created",
            "d": "The ISO 8601 date format of the time that this resource was created.",
            "a": {},
            "t": "String",
            "D": "N"
          },
          "director": {
            "n": "director",
            "d": "The name of the director of this film.",
            "a": {},
            "t": "String",
            "D": "N"
          },
          "edited": {
            "n": "edited",
            "d": "The ISO 8601 date format of the time that this resource was edited.",
            "a": {},
            "t": "String",
            "D": "N"
          },
          "episodeID": {
            "n": "episodeID",
            "d": "The episode number of this film.",
            "a": {},
            "t": "Int",
            "D": "N"
          },
          "id": {
            "n": "id",
            "d": "The ID of an object",
            "a": {},
            "t": "ID!",
            "D": "N"
          },
          "openingCrawl": {
            "n": "openingCrawl",
            "d": "The opening paragraphs at the beginning of this film.",
            "a": {},
            "t": "String",
            "D": "N"
          },
          "planetConnection": {
            "n": "planetConnection",
            "a": {
              "after": {
                "n": "after",
                "t": "String"
              },
              "before": {
                "n": "before",
                "t": "String"
              },
              "first": {
                "n": "first",
                "t": "Int"
              },
              "last": {
                "n": "last",
                "t": "Int"
              }
            },
            "t": "FilmPlanetsConnection",
            "D": "N"
          },
          "producers": {
            "n": "producers",
            "d": "The name(s) of the producer(s) of this film.",
            "a": {},
            "t": "[String]",
            "D": "N"
          },
          "releaseDate": {
            "n": "releaseDate",
            "d": "The ISO 8601 date format of film release at original creator country.",
            "a": {},
            "t": "String",
            "D": "N"
          },
          "speciesConnection": {
            "n": "speciesConnection",
            "a": {
              "after": {
                "n": "after",
                "t": "String"
              },
              "before": {
                "n": "before",
                "t": "String"
              },
              "first": {
                "n": "first",
                "t": "Int"
              },
              "last": {
                "n": "last",
                "t": "Int"
              }
            },
            "t": "FilmSpeciesConnection",
            "D": "N"
          },
          "starshipConnection": {
            "n": "starshipConnection",
            "a": {
              "after": {
                "n": "after",
                "t": "String"
              },
              "before": {
                "n": "before",
                "t": "String"
              },
              "first": {
                "n": "first",
                "t": "Int"
              },
              "last": {
                "n": "last",
                "t": "Int"
              }
            },
            "t": "FilmStarshipsConnection",
            "D": "N"
          },
          "title": {
            "n": "title",
            "d": "The title of this film.",
            "a": {},
            "t": "String",
            "D": "N"
          },
          "vehicleConnection": {
            "n": "vehicleConnection",
            "a": {
              "after": {
                "n": "after",
                "t": "String"
              },
              "before": {
                "n": "before",
                "t": "String"
              },
              "first": {
                "n": "first",
                "t": "Int"
              },
              "last": {
                "n": "last",
                "t": "Int"
              }
            },
            "t": "FilmVehiclesConnection",
            "D": "N"
          }
        },
        "r": "Film"
      }
    },
    "FilmCharactersConnection": {
      "O": {
        "n": "FilmCharactersConnection",
        "d": "A connection to a list of items.",
        "f": {
          "characters": {
            "n": "characters",
            "d": "A list of all of the objects returned in the connection. This is a convenience\nfield provided for quickly exploring the API; rather than querying for\n\"{ edges { node } }\" when no edge data is needed, this field can be be used\ninstead. Note that when clients like Relay need to fetch the \"cursor\" field on\nthe edge to enable efficient pagination, this shortcut cannot be used, and the\nfull \"{ edges { node } }\" version should be used instead.",
            "a": {},
            "t": "[Person]",
            "D": "N"
          },
          "edges": {
            "n": "edges",
            "d": "A list of edges.",
            "a": {},
            "t": "[FilmCharactersEdge]",
            "D": "N"
          },
          "pageInfo": {
            "n": "pageInfo",
            "d": "Information to aid in pagination.",
            "a": {},
            "t": "PageInfo!",
            "D": "N"
          },
          "totalCount": {
            "n": "totalCount",
            "d": "A count of the total number of objects in this connection, ignoring pagination.\nThis allows a client to fetch the first five objects by passing \"5\" as the\nargument to \"first\", then fetch the total count so it could display \"5 of 83\",\nfor example.",
            "a": {},
            "t": "Int",
            "D": "N"
          }
        },
        "r": "FilmCharactersConnection"
      }
    },
    "FilmCharactersEdge": {
      "O": {
        "n": "FilmCharactersEdge",
        "d": "An edge in a connection.",
        "f": {
          "cursor": {
            "n": "cursor",
            "d": "A cursor for use in pagination",
            "a": {},
            "t": "String!",
            "D": "N"
          },
          "node": {
            "n": "node",
            "d": "The item at the end of the edge",
            "a": {},
            "t": "Person",
            "D": "N"
          }
        },
        "r": "FilmCharactersEdge"
      }
    },
    "FilmPlanetsConnection": {
      "O": {
        "n": "FilmPlanetsConnection",
        "d": "A connection to a list of items.",
        "f": {
          "edges": {
            "n": "edges",
            "d": "A list of edges.",
            "a": {},
            "t": "[FilmPlanetsEdge]",
            "D": "N"
          },
          "pageInfo": {
            "n": "pageInfo",
            "d": "Information to aid in pagination.",
            "a": {},
            "t": "PageInfo!",
            "D": "N"
          },
          "planets": {
            "n": "planets",
            "d": "A list of all of the objects returned in the connection. This is a convenience\nfield provided for quickly exploring the API; rather than querying for\n\"{ edges { node } }\" when no edge data is needed, this field can be be used\ninstead. Note that when clients like Relay need to fetch the \"cursor\" field on\nthe edge to enable efficient pagination, this shortcut cannot be used, and the\nfull \"{ edges { node } }\" version should be used instead.",
            "a": {},
            "t": "[Planet]",
            "D": "N"
          },
          "totalCount": {
            "n": "totalCount",
            "d": "A count of the total number of objects in this connection, ignoring pagination.\nThis allows a client to fetch the first five objects by passing \"5\" as the\nargument to \"first\", then fetch the total count so it could display \"5 of 83\",\nfor example.",
            "a": {},
            "t": "Int",
            "D": "N"
          }
        },
        "r": "FilmPlanetsConnection"
      }
    },
    "FilmPlanetsEdge": {
      "O": {
        "n": "FilmPlanetsEdge",
        "d": "An edge in a connection.",
        "f": {
          "cursor": {
            "n": "cursor",
            "d": "A cursor for use in pagination",
            "a": {},
            "t": "String!",
            "D": "N"
          },
          "node": {
            "n": "node",
            "d": "The item at the end of the edge",
            "a": {},
            "t": "Planet",
            "D": "N"
          }
        },
        "r": "FilmPlanetsEdge"
      }
    },
    "FilmSpeciesConnection": {
      "O": {
        "n": "FilmSpeciesConnection",
        "d": "A connection to a list of items.",
        "f": {
          "edges": {
            "n": "edges",
            "d": "A list of edges.",
            "a": {},
            "t": "[FilmSpeciesEdge]",
            "D": "N"
          },
          "pageInfo": {
            "n": "pageInfo",
            "d": "Information to aid in pagination.",
            "a": {},
            "t": "PageInfo!",
            "D": "N"
          },
          "species": {
            "n": "species",
            "d": "A list of all of the objects returned in the connection. This is a convenience\nfield provided for quickly exploring the API; rather than querying for\n\"{ edges { node } }\" when no edge data is needed, this field can be be used\ninstead. Note that when clients like Relay need to fetch the \"cursor\" field on\nthe edge to enable efficient pagination, this shortcut cannot be used, and the\nfull \"{ edges { node } }\" version should be used instead.",
            "a": {},
            "t": "[Species]",
            "D": "N"
          },
          "totalCount": {
            "n": "totalCount",
            "d": "A count of the total number of objects in this connection, ignoring pagination.\nThis allows a client to fetch the first five objects by passing \"5\" as the\nargument to \"first\", then fetch the total count so it could display \"5 of 83\",\nfor example.",
            "a": {},
            "t": "Int",
            "D": "N"
          }
        },
        "r": "FilmSpeciesConnection"
      }
    },
    "FilmSpeciesEdge": {
      "O": {
        "n": "FilmSpeciesEdge",
        "d": "An edge in a connection.",
        "f": {
          "cursor": {
            "n": "cursor",
            "d": "A cursor for use in pagination",
            "a": {},
            "t": "String!",
            "D": "N"
          },
          "node": {
            "n": "node",
            "d": "The item at the end of the edge",
            "a": {},
            "t": "Species",
            "D": "N"
          }
        },
        "r": "FilmSpeciesEdge"
      }
    },
    "FilmStarshipsConnection": {
      "O": {
        "n": "FilmStarshipsConnection",
        "d": "A connection to a list of items.",
        "f": {
          "edges": {
            "n": "edges",
            "d": "A list of edges.",
            "a": {},
            "t": "[FilmStarshipsEdge]",
            "D": "N"
          },
          "pageInfo": {
            "n": "pageInfo",
            "d": "Information to aid in pagination.",
            "a": {},
            "t": "PageInfo!",
            "D": "N"
          },
          "starships": {
            "n": "starships",
            "d": "A list of all of the objects returned in the connection. This is a convenience\nfield provided for quickly exploring the API; rather than querying for\n\"{ edges { node } }\" when no edge data is needed, this field can be be used\ninstead. Note that when clients like Relay need to fetch the \"cursor\" field on\nthe edge to enable efficient pagination, this shortcut cannot be used, and the\nfull \"{ edges { node } }\" version should be used instead.",
            "a": {},
            "t": "[Starship]",
            "D": "N"
          },
          "totalCount": {
            "n": "totalCount",
            "d": "A count of the total number of objects in this connection, ignoring pagination.\nThis allows a client to fetch the first five objects by passing \"5\" as the\nargument to \"first\", then fetch the total count so it could display \"5 of 83\",\nfor example.",
            "a": {},
            "t": "Int",
            "D": "N"
          }
        },
        "r": "FilmStarshipsConnection"
      }
    },
    "FilmStarshipsEdge": {
      "O": {
        "n": "FilmStarshipsEdge",
        "d": "An edge in a connection.",
        "f": {
          "cursor": {
            "n": "cursor",
            "d": "A cursor for use in pagination",
            "a": {},
            "t": "String!",
            "D": "N"
          },
          "node": {
            "n": "node",
            "d": "The item at the end of the edge",
            "a": {},
            "t": "Starship",
            "D": "N"
          }
        },
        "r": "FilmStarshipsEdge"
      }
    },
    "FilmVehiclesConnection": {
      "O": {
        "n": "FilmVehiclesConnection",
        "d": "A connection to a list of items.",
        "f": {
          "edges": {
            "n": "edges",
            "d": "A list of edges.",
            "a": {},
            "t": "[FilmVehiclesEdge]",
            "D": "N"
          },
          "pageInfo": {
            "n": "pageInfo",
            "d": "Information to aid in pagination.",
            "a": {},
            "t": "PageInfo!",
            "D": "N"
          },
          "totalCount": {
            "n": "totalCount",
            "d": "A count of the total number of objects in this connection, ignoring pagination.\nThis allows a client to fetch the first five objects by passing \"5\" as the\nargument to \"first\", then fetch the total count so it could display \"5 of 83\",\nfor example.",
            "a": {},
            "t": "Int",
            "D": "N"
          },
          "vehicles": {
            "n": "vehicles",
            "d": "A list of all of the objects returned in the connection. This is a convenience\nfield provided for quickly exploring the API; rather than querying for\n\"{ edges { node } }\" when no edge data is needed, this field can be be used\ninstead. Note that when clients like Relay need to fetch the \"cursor\" field on\nthe edge to enable efficient pagination, this shortcut cannot be used, and the\nfull \"{ edges { node } }\" version should be used instead.",
            "a": {},
            "t": "[Vehicle]",
            "D": "N"
          }
        },
        "r": "FilmVehiclesConnection"
      }
    },
    "FilmVehiclesEdge": {
      "O": {
        "n": "FilmVehiclesEdge",
        "d": "An edge in a connection.",
        "f": {
          "cursor": {
            "n": "cursor",
            "d": "A cursor for use in pagination",
            "a": {},
            "t": "String!",
            "D": "N"
          },
          "node": {
            "n": "node",
            "d": "The item at the end of the edge",
            "a": {},
            "t": "Vehicle",
            "D": "N"
          }
        },
        "r": "FilmVehiclesEdge"
      }
    },
    "FilmsConnection": {
      "O": {
        "n": "FilmsConnection",
        "d": "A connection to a list of items.",
        "f": {
          "edges": {
            "n": "edges",
            "d": "A list of edges.",
            "a": {},
            "t": "[FilmsEdge]",
            "D": "N"
          },
          "films": {
            "n": "films",
            "d": "A list of all of the objects returned in the connection. This is a convenience\nfield provided for quickly exploring the API; rather than querying for\n\"{ edges { node } }\" when no edge data is needed, this field can be be used\ninstead. Note that when clients like Relay need to fetch the \"cursor\" field on\nthe edge to enable efficient pagination, this shortcut cannot be used, and the\nfull \"{ edges { node } }\" version should be used instead.",
            "a": {},
            "t": "[Film]",
            "D": "N"
          },
          "pageInfo": {
            "n": "pageInfo",
            "d": "Information to aid in pagination.",
            "a": {},
            "t": "PageInfo!",
            "D": "N"
          },
          "totalCount": {
            "n": "totalCount",
            "d": "A count of the total number of objects in this connection, ignoring pagination.\nThis allows a client to fetch the first five objects by passing \"5\" as the\nargument to \"first\", then fetch the total count so it could display \"5 of 83\",\nfor example.",
            "a": {},
            "t": "Int",
            "D": "N"
          }
        },
        "r": "FilmsConnection"
      }
    },
    "FilmsEdge": {
      "O": {
        "n": "FilmsEdge",
        "d": "An edge in a connection.",
        "f": {
          "cursor": {
            "n": "cursor",
            "d": "A cursor for use in pagination",
            "a": {},
            "t": "String!",
            "D": "N"
          },
          "node": {
            "n": "node",
            "d": "The item at the end of the edge",
            "a": {},
            "t": "Film",
            "D": "N"
          }
        },
        "r": "FilmsEdge"
      }
    },
    "Float": {
      "S": {
        "n": "Float",
        "d": "The `Float` scalar type represents signed double-precision fractional values as specified by [IEEE 754](https://en.wikipedia.org/wiki/IEEE_floating_point).",
        "p": "PassThrough"
      }
    },
    "ID": {
      "S": {
        "n": "ID",
        "d": "The `ID` scalar type represents a unique identifier, often used to refetch an object or as key for a cache. The ID type appears in a JSON response as a String; however, it is not intended to be human-readable. When expected as an input type, any string (such as `\"4\"`) or integer (such as `4`) input value will be accepted as an ID.",
        "p": "PassThrough"
      }
    },
    "Int": {
      "S": {
        "n": "Int",
        "d": "The `Int` scalar type represents non-fractional signed whole numeric values. Int can represent values between -(2^31) and 2^31 - 1.",
        "p": "PassThrough"
      }
    },
    "Node": {
      "I": {
        "n": "Node",
        "d": "An object with an ID",
        "f": {
          "id": {
            "n": "id",
            "d": "The id of the object.",
            "a": {},
            "t": "ID!",
            "D": "N"
          }
        },
        "p": [
          "Film",
          "Species",
          "Planet",
          "Person",
          "Starship",
          "Vehicle"
        ],
        "r": "Node"
      }
    },
    "PageInfo": {
      "O": {
        "n": "PageInfo",
        "d": "Information about pagination in a connection.",
        "f": {
          "endCursor": {
            "n": "endCursor",
            "d": "When paginating forwards, the cursor to continue.",
            "a": {},
            "t": "String",
            "D": "N"
          },
          "hasNextPage": {
            "n": "hasNextPage",
            "d": "When paginating forwards, are there more items?",
            "a": {},
            "t": "Boolean!",
            "D": "N"
          },
          "hasPreviousPage": {
            "n": "hasPreviousPage",
            "d": "When paginating backwards, are there more items?",
            "a": {},
            "t": "Boolean!",
            "D": "N"
          },
          "startCursor": {
            "n": "startCursor",
            "d": "When paginating backwards, the cursor to continue.",
            "a": {},
            "t": "String",
            "D": "N"
          }
        },
        "r": "PageInfo"
      }
    },
    "PeopleConnection": {
      "O": {
        "n": "PeopleConnection",
        "d": "A connection to a list of items.",
        "f": {
          "edges": {
            "n": "edges",
            "d": "A list of edges.",
            "a": {},
            "t": "[PeopleEdge]",
            "D": "N"
          },
          "pageInfo": {
            "n": "pageInfo",
            "d": "Information to aid in pagination.",
            "a": {},
            "t": "PageInfo!",
            "D": "N"
          },
          "people": {
            "n": "people",
            "d": "A list of all of the objects returned in the connection. This is a convenience\nfield provided for quickly exploring the API; rather than querying for\n\"{ edges { node } }\" when no edge data is needed, this field can be be used\ninstead. Note that when clients like Relay need to fetch the \"cursor\" field on\nthe edge to enable efficient pagination, this shortcut cannot be used, and the\nfull \"{ edges { node } }\" version should be used instead.",
            "a": {},
            "t": "[Person]",
            "D": "N"
          },
          "totalCount": {
            "n": "totalCount",
            "d": "A count of the total number of objects in this connection, ignoring pagination.\nThis allows a client to fetch the first five objects by passing \"5\" as the\nargument to \"first\", then fetch the total count so it could display \"5 of 83\",\nfor example.",
            "a": {},
            "t": "Int",
            "D": "N"
          }
        },
        "r": "PeopleConnection"
      }
    },
    "PeopleEdge": {
      "O": {
        "n": "PeopleEdge",
        "d": "An edge in a connection.",
        "f": {
          "cursor": {
            "n": "cursor",
            "d": "A cursor for use in pagination",
            "a": {},
            "t": "String!",
            "D": "N"
          },
          "node": {
            "n": "node",
            "d": "The item at the end of the edge",
            "a": {},
            "t": "Person",
            "D": "N"
          }
        },
        "r": "PeopleEdge"
      }
    },
    "Person": {
      "O": {
        "n": "Person",
        "d": "An individual person or character within the Star Wars universe.",
        "f": {
          "birthYear": {
            "n": "birthYear",
            "d": "The birth year of the person, using the in-universe standard of BBY or ABY -\nBefore the Battle of Yavin or After the Battle of Yavin. The Battle of Yavin is\na battle that occurs at the end of Star Wars episode IV: A New Hope.",
            "a": {},
            "t": "String",
            "D": "N"
          },
          "created": {
            "n": "created",
            "d": "The ISO 8601 date format of the time that this resource was created.",
            "a": {},
            "t": "String",
            "D": "N"
          },
          "edited": {
            "n": "edited",
            "d": "The ISO 8601 date format of the time that this resource was edited.",
            "a": {},
            "t": "String",
            "D": "N"
          },
          "eyeColor": {
            "n": "eyeColor",
            "d": "The eye color of this person. Will be \"unknown\" if not known or \"n/a\" if the\nperson does not have an eye.",
            "a": {},
            "t": "String",
            "D": "N"
          },
          "filmConnection": {
            "n": "filmConnection",
            "a": {
              "after": {
                "n": "after",
                "t": "String"
              },
              "before": {
                "n": "before",
                "t": "String"
              },
              "first": {
                "n": "first",
                "t": "Int"
              },
              "last": {
                "n": "last",
                "t": "Int"
              }
            },
            "t": "PersonFilmsConnection",
            "D": "N"
          },
          "gender": {
            "n": "gender",
            "d": "The gender of this person. Either \"Male\", \"Female\" or \"unknown\",\n\"n/a\" if the person does not have a gender.",
            "a": {},
            "t": "String",
            "D": "N"
          },
          "hairColor": {
            "n": "hairColor",
            "d": "The hair color of this person. Will be \"unknown\" if not known or \"n/a\" if the\nperson does not have hair.",
            "a": {},
            "t": "String",
            "D": "N"
          },
          "height": {
            "n": "height",
            "d": "The height of the person in centimeters.",
            "a": {},
            "t": "Int",
            "D": "N"
          },
          "homeworld": {
            "n": "homeworld",
            "d": "A planet that this person was born on or inhabits.",
            "a": {},
            "t": "Planet",
            "D": "N"
          },
          "id": {
            "n": "id",
            "d": "The ID of an object",
            "a": {},
            "t": "ID!",
            "D": "N"
          },
          "mass": {
            "n": "mass",
            "d": "The mass of the person in kilograms.",
            "a": {},
            "t": "Float",
            "D": "N"
          },
          "name": {
            "n": "name",
            "d": "The name of this person.",
            "a": {},
            "t": "String",
            "D": "N"
          },
          "skinColor": {
            "n": "skinColor",
            "d": "The skin color of this person.",
            "a": {},
            "t": "String",
            "D": "N"
          },
          "species": {
            "n": "species",
            "d": "The species that this person belongs to, or null if unknown.",
            "a": {},
            "t": "Species",
            "D": "N"
          },
          "starshipConnection": {
            "n": "starshipConnection",
            "a": {
              "after": {
                "n": "after",
                "t": "String"
              },
              "before": {
                "n": "before",
                "t": "String"
              },
              "first": {
                "n": "first",
                "t": "Int"
              },
              "last": {
                "n": "last",
                "t": "Int"
              }
            },
            "t": "PersonStarshipsConnection",
            "D": "N"
          },
          "vehicleConnection": {
            "n": "vehicleConnection",
            "a": {
              "after": {
                "n": "after",
                "t": "String"
              },
              "before": {
                "n": "before",
                "t": "String"
              },
              "first": {
                "n": "first",
                "t": "Int"
              },
              "last": {
                "n": "last",
                "t": "Int"
              }
            },
            "t": "PersonVehiclesConnection",
            "D": "N"
          }
        },
        "r": "Person"
      }
    },
    "PersonFilmsConnection": {
      "O": {
        "n": "PersonFilmsConnection",
        "d": "A connection to a list of items.",
        "f": {
          "edges": {
            "n": "edges",
            "d": "A list of edges.",
            "a": {},
            "t": "[PersonFilmsEdge]",
            "D": "N"
          },
          "films": {
            "n": "films",
            "d": "A list of all of the objects returned in the connection. This is a convenience\nfield provided for quickly exploring the API; rather than querying for\n\"{ edges { node } }\" when no edge data is needed, this field can be be used\ninstead. Note that when clients like Relay need to fetch the \"cursor\" field on\nthe edge to enable efficient pagination, this shortcut cannot be used, and the\nfull \"{ edges { node } }\" version should be used instead.",
            "a": {},
            "t": "[Film]",
            "D": "N"
          },
          "pageInfo": {
            "n": "pageInfo",
            "d": "Information to aid in pagination.",
            "a": {},
            "t": "PageInfo!",
            "D": "N"
          },
          "totalCount": {
            "n": "totalCount",
            "d": "A count of the total number of objects in this connection, ignoring pagination.\nThis allows a client to fetch the first five objects by passing \"5\" as the\nargument to \"first\", then fetch the total count so it could display \"5 of 83\",\nfor example.",
            "a": {},
            "t": "Int",
            "D": "N"
          }
        },
        "r": "PersonFilmsConnection"
      }
    },
    "PersonFilmsEdge": {
      "O": {
        "n": "PersonFilmsEdge",
        "d": "An edge in a connection.",
        "f": {
          "cursor": {
            "n": "cursor",
            "d": "A cursor for use in pagination",
            "a": {},
            "t": "String!",
            "D": "N"
          },
          "node": {
            "n": "node",
            "d": "The item at the end of the edge",
            "a": {},
            "t": "Film",
            "D": "N"
          }
        },
        "r": "PersonFilmsEdge"
      }
    },
    "PersonStarshipsConnection": {
      "O": {
        "n": "PersonStarshipsConnection",
        "d": "A connection to a list of items.",
        "f": {
          "edges": {
            "n": "edges",
            "d": "A list of edges.",
            "a": {},
            "t": "[PersonStarshipsEdge]",
            "D": "N"
          },
          "pageInfo": {
            "n": "pageInfo",
            "d": "Information to aid in pagination.",
            "a": {},
            "t": "PageInfo!",
            "D": "N"
          },
          "starships": {
            "n": "starships",
            "d": "A list of all of the objects returned in the connection. This is a convenience\nfield provided for quickly exploring the API; rather than querying for\n\"{ edges { node } }\" when no edge data is needed, this field can be be used\ninstead. Note that when clients like Relay need to fetch the \"cursor\" field on\nthe edge to enable efficient pagination, this shortcut cannot be used, and the\nfull \"{ edges { node } }\" version should be used instead.",
            "a": {},
            "t": "[Starship]",
            "D": "N"
          },
          "totalCount": {
            "n": "totalCount",
            "d": "A count of the total number of objects in this connection, ignoring pagination.\nThis allows a client to fetch the first five objects by passing \"5\" as the\nargument to \"first\", then fetch the total count so it could display \"5 of 83\",\nfor example.",
            "a": {},
            "t": "Int",
            "D": "N"
          }
        },
        "r": "PersonStarshipsConnection"
      }
    },
    "PersonStarshipsEdge": {
      "O": {
        "n": "PersonStarshipsEdge",
        "d": "An edge in a connection.",
        "f": {
          "cursor": {
            "n": "cursor",
            "d": "A cursor for use in pagination",
            "a": {},
            "t": "String!",
            "D": "N"
          },
          "node": {
            "n": "node",
            "d": "The item at the end of the edge",
            "a": {},
            "t": "Starship",
            "D": "N"
          }
        },
        "r": "PersonStarshipsEdge"
      }
    },
    "PersonVehiclesConnection": {
      "O": {
        "n": "PersonVehiclesConnection",
        "d": "A connection to a list of items.",
        "f": {
          "edges": {
            "n": "edges",
            "d": "A list of edges.",
            "a": {},
            "t": "[PersonVehiclesEdge]",
            "D": "N"
          },
          "pageInfo": {
            "n": "pageInfo",
            "d": "Information to aid in pagination.",
            "a": {},
            "t": "PageInfo!",
            "D": "N"
          },
          "totalCount": {
            "n": "totalCount",
            "d": "A count of the total number of objects in this connection, ignoring pagination.\nThis allows a client to fetch the first five objects by passing \"5\" as the\nargument to \"first\", then fetch the total count so it could display \"5 of 83\",\nfor example.",
            "a": {},
            "t": "Int",
            "D": "N"
          },
          "vehicles": {
            "n": "vehicles",
            "d": "A list of all of the objects returned in the connection. This is a convenience\nfield provided for quickly exploring the API; rather than querying for\n\"{ edges { node } }\" when no edge data is needed, this field can be be used\ninstead. Note that when clients like Relay need to fetch the \"cursor\" field on\nthe edge to enable efficient pagination, this shortcut cannot be used, and the\nfull \"{ edges { node } }\" version should be used instead.",
            "a": {},
            "t": "[Vehicle]",
            "D": "N"
          }
        },
        "r": "PersonVehiclesConnection"
      }
    },
    "PersonVehiclesEdge": {
      "O": {
        "n": "PersonVehiclesEdge",
        "d": "An edge in a connection.",
        "f": {
          "cursor": {
            "n": "cursor",
            "d": "A cursor for use in pagination",
            "a": {},
            "t": "String!",
            "D": "N"
          },
          "node": {
            "n": "node",
            "d": "The item at the end of the edge",
            "a": {},
            "t": "Vehicle",
            "D": "N"
          }
        },
        "r": "PersonVehiclesEdge"
      }
    },
    "Planet": {
      "O": {
        "n": "Planet",
        "d": "A large mass, planet or planetoid in the Star Wars Universe, at the time of\n0 ABY.",
        "f": {
          "climates": {
            "n": "climates",
            "d": "The climates of this planet.",
            "a": {},
            "t": "[String]",
            "D": "N"
          },
          "created": {
            "n": "created",
            "d": "The ISO 8601 date format of the time that this resource was created.",
            "a": {},
            "t": "String",
            "D": "N"
          },
          "diameter": {
            "n": "diameter",
            "d": "The diameter of this planet in kilometers.",
            "a": {},
            "t": "Int",
            "D": "N"
          },
          "edited": {
            "n": "edited",
            "d": "The ISO 8601 date format of the time that this resource was edited.",
            "a": {},
            "t": "String",
            "D": "N"
          },
          "filmConnection": {
            "n": "filmConnection",
            "a": {
              "after": {
                "n": "after",
                "t": "String"
              },
              "before": {
                "n": "before",
                "t": "String"
              },
              "first": {
                "n": "first",
                "t": "Int"
              },
              "last": {
                "n": "last",
                "t": "Int"
              }
            },
            "t": "PlanetFilmsConnection",
            "D": "N"
          },
          "gravity": {
            "n": "gravity",
            "d": "A number denoting the gravity of this planet, where \"1\" is normal or 1 standard\nG. \"2\" is twice or 2 standard Gs. \"0.5\" is half or 0.5 standard Gs.",
            "a": {},
            "t": "String",
            "D": "N"
          },
          "id": {
            "n": "id",
            "d": "The ID of an object",
            "a": {},
            "t": "ID!",
            "D": "N"
          },
          "name": {
            "n": "name",
            "d": "The name of this planet.",
            "a": {},
            "t": "String",
            "D": "N"
          },
          "orbitalPeriod": {
            "n": "orbitalPeriod",
            "d": "The number of standard days it takes for this planet to complete a single orbit\nof its local star.",
            "a": {},
            "t": "Int",
            "D": "N"
          },
          "population": {
            "n": "population",
            "d": "The average population of sentient beings inhabiting this planet.",
            "a": {},
            "t": "Float",
            "D": "N"
          },
          "residentConnection": {
            "n": "residentConnection",
            "a": {
              "after": {
                "n": "after",
                "t": "String"
              },
              "before": {
                "n": "before",
                "t": "String"
              },
              "first": {
                "n": "first",
                "t": "Int"
              },
              "last": {
                "n": "last",
                "t": "Int"
              }
            },
            "t": "PlanetResidentsConnection",
            "D": "N"
          },
          "rotationPeriod": {
            "n": "rotationPeriod",
            "d": "The number of standard hours it takes for this planet to complete a single\nrotation on its axis.",
            "a": {},
            "t": "Int",
            "D": "N"
          },
          "surfaceWater": {
            "n": "surfaceWater",
            "d": "The percentage of the planet surface that is naturally occurring water or bodies\nof water.",
            "a": {},
            "t": "Float",
            "D": "N"
          },
          "terrains": {
            "n": "terrains",
            "d": "The terrains of this planet.",
            "a": {},
            "t": "[String]",
            "D": "N"
          }
        },
        "r": "Planet"
      }
    },
    "PlanetFilmsConnection": {
      "O": {
        "n": "PlanetFilmsConnection",
        "d": "A connection to a list of items.",
        "f": {
          "edges": {
            "n": "edges",
            "d": "A list of edges.",
            "a": {},
            "t": "[PlanetFilmsEdge]",
            "D": "N"
          },
          "films": {
            "n": "films",
            "d": "A list of all of the objects returned in the connection. This is a convenience\nfield provided for quickly exploring the API; rather than querying for\n\"{ edges { node } }\" when no edge data is needed, this field can be be used\ninstead. Note that when clients like Relay need to fetch the \"cursor\" field on\nthe edge to enable efficient pagination, this shortcut cannot be used, and the\nfull \"{ edges { node } }\" version should be used instead.",
            "a": {},
            "t": "[Film]",
            "D": "N"
          },
          "pageInfo": {
            "n": "pageInfo",
            "d": "Information to aid in pagination.",
            "a": {},
            "t": "PageInfo!",
            "D": "N"
          },
          "totalCount": {
            "n": "totalCount",
            "d": "A count of the total number of objects in this connection, ignoring pagination.\nThis allows a client to fetch the first five objects by passing \"5\" as the\nargument to \"first\", then fetch the total count so it could display \"5 of 83\",\nfor example.",
            "a": {},
            "t": "Int",
            "D": "N"
          }
        },
        "r": "PlanetFilmsConnection"
      }
    },
    "PlanetFilmsEdge": {
      "O": {
        "n": "PlanetFilmsEdge",
        "d": "An edge in a connection.",
        "f": {
          "cursor": {
            "n": "cursor",
            "d": "A cursor for use in pagination",
            "a": {},
            "t": "String!",
            "D": "N"
          },
          "node": {
            "n": "node",
            "d": "The item at the end of the edge",
            "a": {},
            "t": "Film",
            "D": "N"
          }
        },
        "r": "PlanetFilmsEdge"
      }
    },
    "PlanetResidentsConnection": {
      "O": {
        "n": "PlanetResidentsConnection",
        "d": "A connection to a list of items.",
        "f": {
          "edges": {
            "n": "edges",
            "d": "A list of edges.",
            "a": {},
            "t": "[PlanetResidentsEdge]",
            "D": "N"
          },
          "pageInfo": {
            "n": "pageInfo",
            "d": "Information to aid in pagination.",
            "a": {},
            "t": "PageInfo!",
            "D": "N"
          },
          "residents": {
            "n": "residents",
            "d": "A list of all of the objects returned in the connection. This is a convenience\nfield provided for quickly exploring the API; rather than querying for\n\"{ edges { node } }\" when no edge data is needed, this field can be be used\ninstead. Note that when clients like Relay need to fetch the \"cursor\" field on\nthe edge to enable efficient pagination, this shortcut cannot be used, and the\nfull \"{ edges { node } }\" version should be used instead.",
            "a": {},
            "t": "[Person]",
            "D": "N"
          },
          "totalCount": {
            "n": "totalCount",
            "d": "A count of the total number of objects in this connection, ignoring pagination.\nThis allows a client to fetch the first five objects by passing \"5\" as the\nargument to \"first\", then fetch the total count so it could display \"5 of 83\",\nfor example.",
            "a": {},
            "t": "Int",
            "D": "N"
          }
        },
        "r": "PlanetResidentsConnection"
      }
    },
    "PlanetResidentsEdge": {
      "O": {
        "n": "PlanetResidentsEdge",
        "d": "An edge in a connection.",
        "f": {
          "cursor": {
            "n": "cursor",
            "d": "A cursor for use in pagination",
            "a": {},
            "t": "String!",
            "D": "N"
          },
          "node": {
            "n": "node",
            "d": "The item at the end of the edge",
            "a": {},
            "t": "Person",
            "D": "N"
          }
        },
        "r": "PlanetResidentsEdge"
      }
    },
    "PlanetsConnection": {
      "O": {
        "n": "PlanetsConnection",
        "d": "A connection to a list of items.",
        "f": {
          "edges": {
            "n": "edges",
            "d": "A list of edges.",
            "a": {},
            "t": "[PlanetsEdge]",
            "D": "N"
          },
          "pageInfo": {
            "n": "pageInfo",
            "d": "Information to aid in pagination.",
            "a": {},
            "t": "PageInfo!",
            "D": "N"
          },
          "planets": {
            "n": "planets",
            "d": "A list of all of the objects returned in the connection. This is a convenience\nfield provided for quickly exploring the API; rather than querying for\n\"{ edges { node } }\" when no edge data is needed, this field can be be used\ninstead. Note that when clients like Relay need to fetch the \"cursor\" field on\nthe edge to enable efficient pagination, this shortcut cannot be used, and the\nfull \"{ edges { node } }\" version should be used instead.",
            "a": {},
            "t": "[Planet]",
            "D": "N"
          },
          "totalCount": {
            "n": "totalCount",
            "d": "A count of the total number of objects in this connection, ignoring pagination.\nThis allows a client to fetch the first five objects by passing \"5\" as the\nargument to \"first\", then fetch the total count so it could display \"5 of 83\",\nfor example.",
            "a": {},
            "t": "Int",
            "D": "N"
          }
        },
        "r": "PlanetsConnection"
      }
    },
    "PlanetsEdge": {
      "O": {
        "n": "PlanetsEdge",
        "d": "An edge in a connection.",
        "f": {
          "cursor": {
            "n": "cursor",
            "d": "A cursor for use in pagination",
            "a": {},
            "t": "String!",
            "D": "N"
          },
          "node": {
            "n": "node",
            "d": "The item at the end of the edge",
            "a": {},
            "t": "Planet",
            "D": "N"
          }
        },
        "r": "PlanetsEdge"
      }
    },
    "Root": {
      "O": {
        "n": "Root",
        "f": {
          "allFilms": {
            "n": "allFilms",
            "a": {
              "after": {
                "n": "after",
                "t": "String"
              },
              "before": {
                "n": "before",
                "t": "String"
              },
              "first": {
                "n": "first",
                "t": "Int"
              },
              "last": {
                "n": "last",
                "t": "Int"
              }
            },
            "t": "FilmsConnection",
            "D": "N"
          },
          "allPeople": {
            "n": "allPeople",
            "a": {
              "after": {
                "n": "after",
                "t": "String"
              },
              "before": {
                "n": "before",
                "t": "String"
              },
              "first": {
                "n": "first",
                "t": "Int"
              },
              "last": {
                "n": "last",
                "t": "Int"
              }
            },
            "t": "PeopleConnection",
            "D": "N"
          },
          "allPlanets": {
            "n": "allPlanets",
            "a": {
              "after": {
                "n": "after",
                "t": "String"
              },
              "before": {
                "n": "before",
                "t": "String"
              },
              "first": {
                "n": "first",
                "t": "Int"
              },
              "last": {
                "n": "last",
                "t": "Int"
              }
            },
            "t": "PlanetsConnection",
            "D": "N"
          },
          "allSpecies": {
            "n": "allSpecies",
            "a": {
              "after": {
                "n": "after",
                "t": "String"
              },
              "before": {
                "n": "before",
                "t": "String"
              },
              "first": {
                "n": "first",
                "t": "Int"
              },
              "last": {
                "n": "last",
                "t": "Int"
              }
            },
            "t": "SpeciesConnection",
            "D": "N"
          },
          "allStarships": {
            "n": "allStarships",
            "a": {
              "after": {
                "n": "after",
                "t": "String"
              },
              "before": {
                "n": "before",
                "t": "String"
              },
              "first": {
                "n": "first",
                "t": "Int"
              },
              "last": {
                "n": "last",
                "t": "Int"
              }
            },
            "t": "StarshipsConnection",
            "D": "N"
          },
          "allVehicles": {
            "n": "allVehicles",
            "a": {
              "after": {
                "n": "after",
                "t": "String"
              },
              "before": {
                "n": "before",
                "t": "String"
              },
              "first": {
                "n": "first",
                "t": "Int"
              },
              "last": {
                "n": "last",
                "t": "Int"
              }
            },
            "t": "VehiclesConnection",
            "D": "N"
          },
          "film": {
            "n": "film",
            "a": {
              "filmID": {
                "n": "filmID",
                "t": "ID"
              },
              "id": {
                "n": "id",
                "t": "ID"
              }
            },
            "t": "Film",
            "D": "N"
          },
          "node": {
            "n": "node",
            "d": "Fetches an object given its ID",
            "a": {
              "id": {
                "n": "id",
                "d": "The ID of an object",
                "t": "ID!"
              }
            },
            "t": "Node",
            "D": "N"
          },
          "person": {
            "n": "person",
            "a": {
              "id": {
                "n": "id",
                "t": "ID"
              },
              "personID": {
                "n": "personID",
                "t": "ID"
              }
            },
            "t": "Person",
            "D": "N"
          },
          "planet": {
            "n": "planet",
            "a": {
              "id": {
                "n": "id",
                "t": "ID"
              },
              "planetID": {
                "n": "planetID",
                "t": "ID"
              }
            },
            "t": "Planet",
            "D": "N"
          },
          "species": {
            "n": "species",
            "a": {
              "id": {
                "n": "id",
                "t": "ID"
              },
              "speciesID": {
                "n": "speciesID",
                "t": "ID"
              }
            },
            "t": "Species",
            "D": "N"
          },
          "starship": {
            "n": "starship",
            "a": {
              "id": {
                "n": "id",
                "t": "ID"
              },
              "starshipID": {
                "n": "starshipID",
                "t": "ID"
              }
            },
            "t": "Starship",
            "D": "N"
          },
          "vehicle": {
            "n": "vehicle",
            "a": {
              "id": {
                "n": "id",
                "t": "ID"
              },
              "vehicleID": {
                "n": "vehicleID",
                "t": "ID"
              }
            },
            "t": "Vehicle",
            "D": "N"
          }
        },
        "r": "Root"
      }
    },
    "Species": {
      "O": {
        "n": "Species",
        "d": "A type of person or character within the Star Wars Universe.",
        "f": {
          "averageHeight": {
            "n": "averageHeight",
            "d": "The average height of this species in centimeters.",
            "a": {},
            "t": "Float",
            "D": "N"
          },
          "averageLifespan": {
            "n": "averageLifespan",
            "d": "The average lifespan of this species in years, null if unknown.",
            "a": {},
            "t": "Int",
            "D": "N"
          },
          "classification": {
            "n": "classification",
            "d": "The classification of this species, such as \"mammal\" or \"reptile\".",
            "a": {},
            "t": "String",
            "D": "N"
          },
          "created": {
            "n": "created",
            "d": "The ISO 8601 date format of the time that this resource was created.",
            "a": {},
            "t": "String",
            "D": "N"
          },
          "designation": {
            "n": "designation",
            "d": "The designation of this species, such as \"sentient\".",
            "a": {},
            "t": "String",
            "D": "N"
          },
          "edited": {
            "n": "edited",
            "d": "The ISO 8601 date format of the time that this resource was edited.",
            "a": {},
            "t": "String",
            "D": "N"
          },
          "eyeColors": {
            "n": "eyeColors",
            "d": "Common eye colors for this species, null if this species does not typically\nhave eyes.",
            "a": {},
            "t": "[String]",
            "D": "N"
          },
          "filmConnection": {
            "n": "filmConnection",
            "a": {
              "after": {
                "n": "after",
                "t": "String"
              },
              "before": {
                "n": "before",
                "t": "String"
              },
              "first": {
                "n": "first",
                "t": "Int"
              },
              "last": {
                "n": "last",
                "t": "Int"
              }
            },
            "t": "SpeciesFilmsConnection",
            "D": "N"
          },
          "hairColors": {
            "n": "hairColors",
            "d": "Common hair colors for this species, null if this species does not typically\nhave hair.",
            "a": {},
            "t": "[String]",
            "D": "N"
          },
          "homeworld": {
            "n": "homeworld",
            "d": "A planet that this species originates from.",
            "a": {},
            "t": "Planet",
            "D": "N"
          },
          "id": {
            "n": "id",
            "d": "The ID of an object",
            "a": {},
            "t": "ID!",
            "D": "N"
          },
          "language": {
            "n": "language",
            "d": "The language commonly spoken by this species.",
            "a": {},
            "t": "String",
            "D": "N"
          },
          "name": {
            "n": "name",
            "d": "The name of this species.",
            "a": {},
            "t": "String",
            "D": "N"
          },
          "personConnection": {
            "n": "personConnection",
            "a": {
              "after": {
                "n": "after",
                "t": "String"
              },
              "before": {
                "n": "before",
                "t": "String"
              },
              "first": {
                "n": "first",
                "t": "Int"
              },
              "last": {
                "n": "last",
                "t": "Int"
              }
            },
            "t": "SpeciesPeopleConnection",
            "D": "N"
          },
          "skinColors": {
            "n": "skinColors",
            "d": "Common skin colors for this species, null if this species does not typically\nhave skin.",
            "a": {},
            "t": "[String]",
            "D": "N"
          }
        },
        "r": "Species"
      }
    },
    "SpeciesConnection": {
      "O": {
        "n": "SpeciesConnection",
        "d": "A connection to a list of items.",
        "f": {
          "edges": {
            "n": "edges",
            "d": "A list of edges.",
            "a": {},
            "t": "[SpeciesEdge]",
            "D": "N"
          },
          "pageInfo": {
            "n": "pageInfo",
            "d": "Information to aid in pagination.",
            "a": {},
            "t": "PageInfo!",
            "D": "N"
          },
          "species": {
            "n": "species",
            "d": "A list of all of the objects returned in the connection. This is a convenience\nfield provided for quickly exploring the API; rather than querying for\n\"{ edges { node } }\" when no edge data is needed, this field can be be used\ninstead. Note that when clients like Relay need to fetch the \"cursor\" field on\nthe edge to enable efficient pagination, this shortcut cannot be used, and the\nfull \"{ edges { node } }\" version should be used instead.",
            "a": {},
            "t": "[Species]",
            "D": "N"
          },
          "totalCount": {
            "n": "totalCount",
            "d": "A count of the total number of objects in this connection, ignoring pagination.\nThis allows a client to fetch the first five objects by passing \"5\" as the\nargument to \"first\", then fetch the total count so it could display \"5 of 83\",\nfor example.",
            "a": {},
            "t": "Int",
            "D": "N"
          }
        },
        "r": "SpeciesConnection"
      }
    },
    "SpeciesEdge": {
      "O": {
        "n": "SpeciesEdge",
        "d": "An edge in a connection.",
        "f": {
          "cursor": {
            "n": "cursor",
            "d": "A cursor for use in pagination",
            "a": {},
            "t": "String!",
            "D": "N"
          },
          "node": {
            "n": "node",
            "d": "The item at the end of the edge",
            "a": {},
            "t": "Species",
            "D": "N"
          }
        },
        "r": "SpeciesEdge"
      }
    },
    "SpeciesFilmsConnection": {
      "O": {
        "n": "SpeciesFilmsConnection",
        "d": "A connection to a list of items.",
        "f": {
          "edges": {
            "n": "edges",
            "d": "A list of edges.",
            "a": {},
            "t": "[SpeciesFilmsEdge]",
            "D": "N"
          },
          "films": {
            "n": "films",
            "d": "A list of all of the objects returned in the connection. This is a convenience\nfield provided for quickly exploring the API; rather than querying for\n\"{ edges { node } }\" when no edge data is needed, this field can be be used\ninstead. Note that when clients like Relay need to fetch the \"cursor\" field on\nthe edge to enable efficient pagination, this shortcut cannot be used, and the\nfull \"{ edges { node } }\" version should be used instead.",
            "a": {},
            "t": "[Film]",
            "D": "N"
          },
          "pageInfo": {
            "n": "pageInfo",
            "d": "Information to aid in pagination.",
            "a": {},
            "t": "PageInfo!",
            "D": "N"
          },
          "totalCount": {
            "n": "totalCount",
            "d": "A count of the total number of objects in this connection, ignoring pagination.\nThis allows a client to fetch the first five objects by passing \"5\" as the\nargument to \"first\", then fetch the total count so it could display \"5 of 83\",\nfor example.",
            "a": {},
            "t": "Int",
            "D": "N"
          }
        },
        "r": "SpeciesFilmsConnection"
      }
    },
    "SpeciesFilmsEdge": {
      "O": {
        "n": "SpeciesFilmsEdge",
        "d": "An edge in a connection.",
        "f": {
          "cursor": {
            "n": "cursor",
            "d": "A cursor for use in pagination",
            "a": {},
            "t": "String!",
            "D": "N"
          },
          "node": {
            "n": "node",
            "d": "The item at the end of the edge",
            "a": {},
            "t": "Film",
            "D": "N"
          }
        },
        "r": "SpeciesFilmsEdge"
      }
    },
    "SpeciesPeopleConnection": {
      "O": {
        "n": "SpeciesPeopleConnection",
        "d": "A connection to a list of items.",
        "f": {
          "edges": {
            "n": "edges",
            "d": "A list of edges.",
            "a": {},
            "t": "[SpeciesPeopleEdge]",
            "D": "N"
          },
          "pageInfo": {
            "n": "pageInfo",
            "d": "Information to aid in pagination.",
            "a": {},
            "t": "PageInfo!",
            "D": "N"
          },
          "people": {
            "n": "people",
            "d": "A list of all of the objects returned in the connection. This is a convenience\nfield provided for quickly exploring the API; rather than querying for\n\"{ edges { node } }\" when no edge data is needed, this field can be be used\ninstead. Note that when clients like Relay need to fetch the \"cursor\" field on\nthe edge to enable efficient pagination, this shortcut cannot be used, and the\nfull \"{ edges { node } }\" version should be used instead.",
            "a": {},
            "t": "[Person]",
            "D": "N"
          },
          "totalCount": {
            "n": "totalCount",
            "d": "A count of the total number of objects in this connection, ignoring pagination.\nThis allows a client to fetch the first five objects by passing \"5\" as the\nargument to \"first\", then fetch the total count so it could display \"5 of 83\",\nfor example.",
            "a": {},
            "t": "Int",
            "D": "N"
          }
        },
        "r": "SpeciesPeopleConnection"
      }
    },
    "SpeciesPeopleEdge": {
      "O": {
        "n": "SpeciesPeopleEdge",
        "d": "An edge in a connection.",
        "f": {
          "cursor": {
            "n": "cursor",
            "d": "A cursor for use in pagination",
            "a": {},
            "t": "String!",
            "D": "N"
          },
          "node": {
            "n": "node",
            "d": "The item at the end of the edge",
            "a": {},
            "t": "Person",
            "D": "N"
          }
        },
        "r": "SpeciesPeopleEdge"
      }
    },
    "Starship": {
      "O": {
        "n": "Starship",
        "d": "A single transport craft that has hyperdrive capability.",
        "f": {
          "MGLT": {
            "n": "MGLT",
            "d": "The Maximum number of Megalights this starship can travel in a standard hour.\nA \"Megalight\" is a standard unit of distance and has never been defined before\nwithin the Star Wars universe. This figure is only really useful for measuring\nthe difference in speed of starships. We can assume it is similar to AU, the\ndistance between our Sun (Sol) and Earth.",
            "a": {},
            "t": "Int",
            "D": "N"
          },
          "cargoCapacity": {
            "n": "cargoCapacity",
            "d": "The maximum number of kilograms that this starship can transport.",
            "a": {},
            "t": "Float",
            "D": "N"
          },
          "consumables": {
            "n": "consumables",
            "d": "The maximum length of time that this starship can provide consumables for its\nentire crew without having to resupply.",
            "a": {},
            "t": "String",
            "D": "N"
          },
          "costInCredits": {
            "n": "costInCredits",
            "d": "The cost of this starship new, in galactic credits.",
            "a": {},
            "t": "Float",
            "D": "N"
          },
          "created": {
            "n": "created",
            "d": "The ISO 8601 date format of the time that this resource was created.",
            "a": {},
            "t": "String",
            "D": "N"
          },
          "crew": {
            "n": "crew",
            "d": "The number of personnel needed to run or pilot this starship.",
            "a": {},
            "t": "String",
            "D": "N"
          },
          "edited": {
            "n": "edited",
            "d": "The ISO 8601 date format of the time that this resource was edited.",
            "a": {},
            "t": "String",
            "D": "N"
          },
          "filmConnection": {
            "n": "filmConnection",
            "a": {
              "after": {
                "n": "after",
                "t": "String"
              },
              "before": {
                "n": "before",
                "t": "String"
              },
              "first": {
                "n": "first",
                "t": "Int"
              },
              "last": {
                "n": "last",
                "t": "Int"
              }
            },
            "t": "StarshipFilmsConnection",
            "D": "N"
          },
          "hyperdriveRating": {
            "n": "hyperdriveRating",
            "d": "The class of this starships hyperdrive.",
            "a": {},
            "t": "Float",
            "D": "N"
          },
          "id": {
            "n": "id",
            "d": "The ID of an object",
            "a": {},
            "t": "ID!",
            "D": "N"
          },
          "length": {
            "n": "length",
            "d": "The length of this starship in meters.",
            "a": {},
            "t": "Float",
            "D": "N"
          },
          "manufacturers": {
            "n": "manufacturers",
            "d": "The manufacturers of this starship.",
            "a": {},
            "t": "[String]",
            "D": "N"
          },
          "maxAtmospheringSpeed": {
            "n": "maxAtmospheringSpeed",
            "d": "The maximum speed of this starship in atmosphere. null if this starship is\nincapable of atmosphering flight.",
            "a": {},
            "t": "Int",
            "D": "N"
          },
          "model": {
            "n": "model",
            "d": "The model or official name of this starship. Such as \"T-65 X-wing\" or \"DS-1\nOrbital Battle Station\".",
            "a": {},
            "t": "String",
            "D": "N"
          },
          "name": {
            "n": "name",
            "d": "The name of this starship. The common name, such as \"Death Star\".",
            "a": {},
            "t": "String",
            "D": "N"
          },
          "passengers": {
            "n": "passengers",
            "d": "The number of non-essential people this starship can transport.",
            "a": {},
            "t": "String",
            "D": "N"
          },
          "pilotConnection": {
            "n": "pilotConnection",
            "a": {
              "after": {
                "n": "after",
                "t": "String"
              },
              "before": {
                "n": "before",
                "t": "String"
              },
              "first": {
                "n": "first",
                "t": "Int"
              },
              "last": {
                "n": "last",
                "t": "Int"
              }
            },
            "t": "StarshipPilotsConnection",
            "D": "N"
          },
          "starshipClass": {
            "n": "starshipClass",
            "d": "The class of this starship, such as \"Starfighter\" or \"Deep Space Mobile\nBattlestation\"",
            "a": {},
            "t": "String",
            "D": "N"
          }
        },
        "r": "Starship"
      }
    },
    "StarshipFilmsConnection": {
      "O": {
        "n": "StarshipFilmsConnection",
        "d": "A connection to a list of items.",
        "f": {
          "edges": {
            "n": "edges",
            "d": "A list of edges.",
            "a": {},
            "t": "[StarshipFilmsEdge]",
            "D": "N"
          },
          "films": {
            "n": "films",
            "d": "A list of all of the objects returned in the connection. This is a convenience\nfield provided for quickly exploring the API; rather than querying for\n\"{ edges { node } }\" when no edge data is needed, this field can be be used\ninstead. Note that when clients like Relay need to fetch the \"cursor\" field on\nthe edge to enable efficient pagination, this shortcut cannot be used, and the\nfull \"{ edges { node } }\" version should be used instead.",
            "a": {},
            "t": "[Film]",
            "D": "N"
          },
          "pageInfo": {
            "n": "pageInfo",
            "d": "Information to aid in pagination.",
            "a": {},
            "t": "PageInfo!",
            "D": "N"
          },
          "totalCount": {
            "n": "totalCount",
            "d": "A count of the total number of objects in this connection, ignoring pagination.\nThis allows a client to fetch the first five objects by passing \"5\" as the\nargument to \"first\", then fetch the total count so it could display \"5 of 83\",\nfor example.",
            "a": {},
            "t": "Int",
            "D": "N"
          }
        },
        "r": "StarshipFilmsConnection"
      }
    },
    "StarshipFilmsEdge": {
      "O": {
        "n": "StarshipFilmsEdge",
        "d": "An edge in a connection.",
        "f": {
          "cursor": {
            "n": "cursor",
            "d": "A cursor for use in pagination",
            "a": {},
            "t": "String!",
            "D": "N"
          },
          "node": {
            "n": "node",
            "d": "The item at the end of the edge",
            "a": {},
            "t": "Film",
            "D": "N"
          }
        },
        "r": "StarshipFilmsEdge"
      }
    },
    "StarshipPilotsConnection": {
      "O": {
        "n": "StarshipPilotsConnection",
        "d": "A connection to a list of items.",
        "f": {
          "edges": {
            "n": "edges",
            "d": "A list of edges.",
            "a": {},
            "t": "[StarshipPilotsEdge]",
            "D": "N"
          },
          "pageInfo": {
            "n": "pageInfo",
            "d": "Information to aid in pagination.",
            "a": {},
            "t": "PageInfo!",
            "D": "N"
          },
          "pilots": {
            "n": "pilots",
            "d": "A list of all of the objects returned in the connection. This is a convenience\nfield provided for quickly exploring the API; rather than querying for\n\"{ edges { node } }\" when no edge data is needed, this field can be be used\ninstead. Note that when clients like Relay need to fetch the \"cursor\" field on\nthe edge to enable efficient pagination, this shortcut cannot be used, and the\nfull \"{ edges { node } }\" version should be used instead.",
            "a": {},
            "t": "[Person]",
            "D": "N"
          },
          "totalCount": {
            "n": "totalCount",
            "d": "A count of the total number of objects in this connection, ignoring pagination.\nThis allows a client to fetch the first five objects by passing \"5\" as the\nargument to \"first\", then fetch the total count so it could display \"5 of 83\",\nfor example.",
            "a": {},
            "t": "Int",
            "D": "N"
          }
        },
        "r": "StarshipPilotsConnection"
      }
    },
    "StarshipPilotsEdge": {
      "O": {
        "n": "StarshipPilotsEdge",
        "d": "An edge in a connection.",
        "f": {
          "cursor": {
            "n": "cursor",
            "d": "A cursor for use in pagination",
            "a": {},
            "t": "String!",
            "D": "N"
          },
          "node": {
            "n": "node",
            "d": "The item at the end of the edge",
            "a": {},
            "t": "Person",
            "D": "N"
          }
        },
        "r": "StarshipPilotsEdge"
      }
    },
    "StarshipsConnection": {
      "O": {
        "n": "StarshipsConnection",
        "d": "A connection to a list of items.",
        "f": {
          "edges": {
            "n": "edges",
            "d": "A list of edges.",
            "a": {},
            "t": "[StarshipsEdge]",
            "D": "N"
          },
          "pageInfo": {
            "n": "pageInfo",
            "d": "Information to aid in pagination.",
            "a": {},
            "t": "PageInfo!",
            "D": "N"
          },
          "starships": {
            "n": "starships",
            "d": "A list of all of the objects returned in the connection. This is a convenience\nfield provided for quickly exploring the API; rather than querying for\n\"{ edges { node } }\" when no edge data is needed, this field can be be used\ninstead. Note that when clients like Relay need to fetch the \"cursor\" field on\nthe edge to enable efficient pagination, this shortcut cannot be used, and the\nfull \"{ edges { node } }\" version should be used instead.",
            "a": {},
            "t": "[Starship]",
            "D": "N"
          },
          "totalCount": {
            "n": "totalCount",
            "d": "A count of the total number of objects in this connection, ignoring pagination.\nThis allows a client to fetch the first five objects by passing \"5\" as the\nargument to \"first\", then fetch the total count so it could display \"5 of 83\",\nfor example.",
            "a": {},
            "t": "Int",
            "D": "N"
          }
        },
        "r": "StarshipsConnection"
      }
    },
    "StarshipsEdge": {
      "O": {
        "n": "StarshipsEdge",
        "d": "An edge in a connection.",
        "f": {
          "cursor": {
            "n": "cursor",
            "d": "A cursor for use in pagination",
            "a": {},
            "t": "String!",
            "D": "N"
          },
          "node": {
            "n": "node",
            "d": "The item at the end of the edge",
            "a": {},
            "t": "Starship",
            "D": "N"
          }
        },
        "r": "StarshipsEdge"
      }
    },
    "String": {
      "S": {
        "n": "String",
        "d": "The `String` scalar type represents textual data, represented as UTF-8 character sequences. The String type is most often used by GraphQL to represent free-form human-readable text.",
        "p": "PassThrough"
      }
    },
    "Vehicle": {
      "O": {
        "n": "Vehicle",
        "d": "A single transport craft that does not have hyperdrive capability",
        "f": {
          "cargoCapacity": {
            "n": "cargoCapacity",
            "d": "The maximum number of kilograms that this vehicle can transport.",
            "a": {},
            "t": "Float",
            "D": "N"
          },
          "consumables": {
            "n": "consumables",
            "d": "The maximum length of time that this vehicle can provide consumables for its\nentire crew without having to resupply.",
            "a": {},
            "t": "String",
            "D": "N"
          },
          "costInCredits": {
            "n": "costInCredits",
            "d": "The cost of this vehicle new, in Galactic Credits.",
            "a": {},
            "t": "Float",
            "D": "N"
          },
          "created": {
            "n": "created",
            "d": "The ISO 8601 date format of the time that this resource was created.",
            "a": {},
            "t": "String",
            "D": "N"
          },
          "crew": {
            "n": "crew",
            "d": "The number of personnel needed to run or pilot this vehicle.",
            "a": {},
            "t": "String",
            "D": "N"
          },
          "edited": {
            "n": "edited",
            "d": "The ISO 8601 date format of the time that this resource was edited.",
            "a": {},
            "t": "String",
            "D": "N"
          },
          "filmConnection": {
            "n": "filmConnection",
            "a": {
              "after": {
                "n": "after",
                "t": "String"
              },
              "before": {
                "n": "before",
                "t": "String"
              },
              "first": {
                "n": "first",
                "t": "Int"
              },
              "last": {
                "n": "last",
                "t": "Int"
              }
            },
            "t": "VehicleFilmsConnection",
            "D": "N"
          },
          "id": {
            "n": "id",
            "d": "The ID of an object",
            "a": {},
            "t": "ID!",
            "D": "N"
          },
          "length": {
            "n": "length",
            "d": "The length of this vehicle in meters.",
            "a": {},
            "t": "Float",
            "D": "N"
          },
          "manufacturers": {
            "n": "manufacturers",
            "d": "The manufacturers of this vehicle.",
            "a": {},
            "t": "[String]",
            "D": "N"
          },
          "maxAtmospheringSpeed": {
            "n": "maxAtmospheringSpeed",
            "d": "The maximum speed of this vehicle in atmosphere.",
            "a": {},
            "t": "Int",
            "D": "N"
          },
          "model": {
            "n": "model",
            "d": "The model or official name of this vehicle. Such as \"All-Terrain Attack\nTransport\".",
            "a": {},
            "t": "String",
            "D": "N"
          },
          "name": {
            "n": "name",
            "d": "The name of this vehicle. The common name, such as \"Sand Crawler\" or \"Speeder\nbike\".",
            "a": {},
            "t": "String",
            "D": "N"
          },
          "passengers": {
            "n": "passengers",
            "d": "The number of non-essential people this vehicle can transport.",
            "a": {},
            "t": "String",
            "D": "N"
          },
          "pilotConnection": {
            "n": "pilotConnection",
            "a": {
              "after": {
                "n": "after",
                "t": "String"
              },
              "before": {
                "n": "before",
                "t": "String"
              },
              "first": {
                "n": "first",
                "t": "Int"
              },
              "last": {
                "n": "last",
                "t": "Int"
              }
            },
            "t": "VehiclePilotsConnection",
            "D": "N"
          },
          "vehicleClass": {
            "n": "vehicleClass",
            "d": "The class of this vehicle, such as \"Wheeled\" or \"Repulsorcraft\".",
            "a": {},
            "t": "String",
            "D": "N"
          }
        },
        "r": "Vehicle"
      }
    },
    "VehicleFilmsConnection": {
      "O": {
        "n": "VehicleFilmsConnection",
        "d": "A connection to a list of items.",
        "f": {
          "edges": {
            "n": "edges",
            "d": "A list of edges.",
            "a": {},
            "t": "[VehicleFilmsEdge]",
            "D": "N"
          },
          "films": {
            "n": "films",
            "d": "A list of all of the objects returned in the connection. This is a convenience\nfield provided for quickly exploring the API; rather than querying for\n\"{ edges { node } }\" when no edge data is needed, this field can be be used\ninstead. Note that when clients like Relay need to fetch the \"cursor\" field on\nthe edge to enable efficient pagination, this shortcut cannot be used, and the\nfull \"{ edges { node } }\" version should be used instead.",
            "a": {},
            "t": "[Film]",
            "D": "N"
          },
          "pageInfo": {
            "n": "pageInfo",
            "d": "Information to aid in pagination.",
            "a": {},
            "t": "PageInfo!",
            "D": "N"
          },
          "totalCount": {
            "n": "totalCount",
            "d": "A count of the total number of objects in this connection, ignoring pagination.\nThis allows a client to fetch the first five objects by passing \"5\" as the\nargument to \"first\", then fetch the total count so it could display \"5 of 83\",\nfor example.",
            "a": {},
            "t": "Int",
            "D": "N"
          }
        },
        "r": "VehicleFilmsConnection"
      }
    },
    "VehicleFilmsEdge": {
      "O": {
        "n": "VehicleFilmsEdge",
        "d": "An edge in a connection.",
        "f": {
          "cursor": {
            "n": "cursor",
            "d": "A cursor for use in pagination",
            "a": {},
            "t": "String!",
            "D": "N"
          },
          "node": {
            "n": "node",
            "d": "The item at the end of the edge",
            "a": {},
            "t": "Film",
            "D": "N"
          }
        },
        "r": "VehicleFilmsEdge"
      }
    },
    "VehiclePilotsConnection": {
      "O": {
        "n": "VehiclePilotsConnection",
        "d": "A connection to a list of items.",
        "f": {
          "edges": {
            "n": "edges",
            "d": "A list of edges.",
            "a": {},
            "t": "[VehiclePilotsEdge]",
            "D": "N"
          },
          "pageInfo": {
            "n": "pageInfo",
            "d": "Information to aid in pagination.",
            "a": {},
            "t": "PageInfo!",
            "D": "N"
          },
          "pilots": {
            "n": "pilots",
            "d": "A list of all of the objects returned in the connection. This is a convenience\nfield provided for quickly exploring the API; rather than querying for\n\"{ edges { node } }\" when no edge data is needed, this field can be be used\ninstead. Note that when clients like Relay need to fetch the \"cursor\" field on\nthe edge to enable efficient pagination, this shortcut cannot be used, and the\nfull \"{ edges { node } }\" version should be used instead.",
            "a": {},
            "t": "[Person]",
            "D": "N"
          },
          "totalCount": {
            "n": "totalCount",
            "d": "A count of the total number of objects in this connection, ignoring pagination.\nThis allows a client to fetch the first five objects by passing \"5\" as the\nargument to \"first\", then fetch the total count so it could display \"5 of 83\",\nfor example.",
            "a": {},
            "t": "Int",
            "D": "N"
          }
        },
        "r": "VehiclePilotsConnection"
      }
    },
    "VehiclePilotsEdge": {
      "O": {
        "n": "VehiclePilotsEdge",
        "d": "An edge in a connection.",
        "f": {
          "cursor": {
            "n": "cursor",
            "d": "A cursor for use in pagination",
            "a": {},
            "t": "String!",
            "D": "N"
          },
          "node": {
            "n": "node",
            "d": "The item at the end of the edge",
            "a": {},
            "t": "Person",
            "D": "N"
          }
        },
        "r": "VehiclePilotsEdge"
      }
    },
    "VehiclesConnection": {
      "O": {
        "n": "VehiclesConnection",
        "d": "A connection to a list of items.",
        "f": {
          "edges": {
            "n": "edges",
            "d": "A list of edges.",
            "a": {},
            "t": "[VehiclesEdge]",
            "D": "N"
          },
          "pageInfo": {
            "n": "pageInfo",
            "d": "Information to aid in pagination.",
            "a": {},
            "t": "PageInfo!",
            "D": "N"
          },
          "totalCount": {
            "n": "totalCount",
            "d": "A count of the total number of objects in this connection, ignoring pagination.\nThis allows a client to fetch the first five objects by passing \"5\" as the\nargument to \"first\", then fetch the total count so it could display \"5 of 83\",\nfor example.",
            "a": {},
            "t": "Int",
            "D": "N"
          },
          "vehicles": {
            "n": "vehicles",
            "d": "A list of all of the objects returned in the connection. This is a convenience\nfield provided for quickly exploring the API; rather than querying for\n\"{ edges { node } }\" when no edge data is needed, this field can be be used\ninstead. Note that when clients like Relay need to fetch the \"cursor\" field on\nthe edge to enable efficient pagination, this shortcut cannot be used, and the\nfull \"{ edges { node } }\" version should be used instead.",
            "a": {},
            "t": "[Vehicle]",
            "D": "N"
          }
        },
        "r": "VehiclesConnection"
      }
    },
    "VehiclesEdge": {
      "O": {
        "n": "VehiclesEdge",
        "d": "An edge in a connection.",
        "f": {
          "cursor": {
            "n": "cursor",
            "d": "A cursor for use in pagination",
            "a": {},
            "t": "String!",
            "D": "N"
          },
          "node": {
            "n": "node",
            "d": "The item at the end of the edge",
            "a": {},
            "t": "Vehicle",
            "D": "N"
          }
        },
        "r": "VehiclesEdge"
      }
    },
    "__Directive": {
      "O": {
        "n": "__Directive",
        "d": "A Directive provides a way to describe alternate runtime execution and type validation behavior in a GraphQL document.\n\nIn some cases, you need to provide options to alter GraphQL's execution behavior in ways field arguments will not suffice, such as conditionally including or skipping a field. Directives provide this by describing additional information to the executor.",
        "f": {
          "args": {
            "n": "args",
            "a": {},
            "t": "[__InputValue!]!",
            "D": "N"
          },
          "description": {
            "n": "description",
            "a": {},
            "t": "String",
            "D": "N"
          },
          "locations": {
            "n": "locations",
            "a": {},
            "t": "[__DirectiveLocation!]!",
            "D": "N"
          },
          "name": {
            "n": "name",
            "a": {},
            "t": "String!",
            "D": "N"
          }
        },
        "r": "__Directive"
      }
    },
    "__DirectiveLocation": {
      "E": {
        "n": "__DirectiveLocation",
        "d": "A Directive can be adjacent to many parts of the GraphQL language, a __DirectiveLocation describes one such possible adjacencies.",
        "e": {
          "ARGUMENT_DEFINITION": {
            "n": "ARGUMENT_DEFINITION",
            "d": "Location adjacent to an argument definition."
          },
          "ENUM": {
            "n": "ENUM",
            "d": "Location adjacent to an enum definition."
          },
          "ENUM_VALUE": {
            "n": "ENUM_VALUE",
            "d": "Location adjacent to an enum value definition."
          },
          "FIELD": {
            "n": "FIELD",
            "d": "Location adjacent to a field."
          },
          "FIELD_DEFINITION": {
            "n": "FIELD_DEFINITION",
            "d": "Location adjacent to a field definition."
          },
          "FRAGMENT_DEFINITION": {
            "n": "FRAGMENT_DEFINITION",
            "d": "Location adjacent to a fragment definition."
          },
          "FRAGMENT_SPREAD": {
            "n": "FRAGMENT_SPREAD",
            "d": "Location adjacent to a fragment spread."
          },
          "INLINE_FRAGMENT": {
            "n": "INLINE_FRAGMENT",
            "d": "Location adjacent to an inline fragment."
          },
          "INPUT_FIELD_DEFINITION": {
            "n": "INPUT_FIELD_DEFINITION",
            "d": "Location adjacent to an input object field definition."
          },
          "INPUT_OBJECT": {
            "n": "INPUT_OBJECT",
            "d": "Location adjacent to an input object type definition."
          },
          "INTERFACE": {
            "n": "INTERFACE",
            "d": "Location adjacent to an interface definition."
          },
          "MUTATION": {
            "n": "MUTATION",
            "d": "Location adjacent to a mutation operation."
          },
          "OBJECT": {
            "n": "OBJECT",
            "d": "Location adjacent to an object type definition."
          },
          "QUERY": {
            "n": "QUERY",
            "d": "Location adjacent to a query operation."
          },
          "SCALAR": {
            "n": "SCALAR",
            "d": "Location adjacent to a scalar definition."
          },
          "SCHEMA": {
            "n": "SCHEMA",
            "d": "Location adjacent to a schema definition."
          },
          "SUBSCRIPTION": {
            "n": "SUBSCRIPTION",
            "d": "Location adjacent to a subscription operation."
          },
          "UNION": {
            "n": "UNION",
            "d": "Location adjacent to a union definition."
          },
          "VARIABLE_DEFINITION": {
            "n": "VARIABLE_DEFINITION",
            "d": "Location adjacent to a variable definition."
          }
        },
        "r": "__DirectiveLocation"
      }
    },
    "__EnumValue": {
      "O": {
        "n": "__EnumValue",
        "d": "One possible value for a given Enum. Enum values are unique values, not a placeholder for a string or numeric value. However an Enum value is returned in a JSON response as a string.",
        "f": {
          "deprecationReason": {
            "n": "deprecationReason",
            "a": {},
            "t": "String",
            "D": "N"
          },
          "description": {
            "n": "description",
            "a": {},
            "t": "String",
            "D": "N"
          },
          "isDeprecated": {
            "n": "isDeprecated",
            "a": {},
            "t": "Boolean!",
            "D": "N"
          },
          "name": {
            "n": "name",
            "a": {},
            "t": "String!",
            "D": "N"
          }
        },
        "r": "__EnumValue"
      }
    },
    "__Field": {
      "O": {
        "n": "__Field",
        "d": "Object and Interface types are described by a list of Fields, each of which has a name, potentially a list of arguments, and a return type.",
        "f": {
          "args": {
            "n": "args",
            "a": {},
            "t": "[__InputValue!]!",
            "D": "N"
          },
          "deprecationReason": {
            "n": "deprecationReason",
            "a": {},
            "t": "String",
            "D": "N"
          },
          "description": {
            "n": "description",
            "a": {},
            "t": "String",
            "D": "N"
          },
          "isDeprecated": {
            "n": "isDeprecated",
            "a": {},
            "t": "Boolean!",
            "D": "N"
          },
          "name": {
            "n": "name",
            "a": {},
            "t": "String!",
            "D": "N"
          },
          "type": {
            "n": "type",
            "a": {},
            "t": "__Type!",
            "D": "N"
          }
        },
        "r": "__Field"
      }
    },
    "__InputValue": {
      "O": {
        "n": "__InputValue",
        "d": "Arguments provided to Fields or Directives and the input fields of an InputObject are represented as Input Values which describe their type and optionally a default value.",
        "f": {
          "defaultValue": {
            "n": "defaultValue",
            "d": "A GraphQL-formatted string representing the default value for this input value.",
            "a": {},
            "t": "String",
            "D": "N"
          },
          "description": {
            "n": "description",
            "a": {},
            "t": "String",
            "D": "N"
          },
          "name": {
            "n": "name",
            "a": {},
            "t": "String!",
            "D": "N"
          },
          "type": {
            "n": "type",
            "a": {},
            "t": "__Type!",
            "D": "N"
          }
        },
        "r": "__InputValue"
      }
    },
    "__Schema": {
      "O": {
        "n": "__Schema",
        "d": "A GraphQL Schema defines the capabilities of a GraphQL server. It exposes all available types and directives on the server, as well as the entry points for query, mutation, and subscription operations.",
        "f": {
          "directives": {
            "n": "directives",
            "d": "A list of all directives supported by this server.",
            "a": {},
            "t": "[__Directive!]!",
            "D": "N"
          },
          "mutationType": {
            "n": "mutationType",
            "d": "If this server supports mutation, the type that mutation operations will be rooted at.",
            "a": {},
            "t": "__Type",
            "D": "N"
          },
          "queryType": {
            "n": "queryType",
            "d": "The type that query operations will be rooted at.",
            "a": {},
            "t": "__Type!",
            "D": "N"
          },
          "subscriptionType": {
            "n": "subscriptionType",
            "d": "If this server support subscription, the type that subscription operations will be rooted at.",
            "a": {},
            "t": "__Type",
            "D": "N"
          },
          "types": {
            "n": "types",
            "d": "A list of all types supported by this server.",
            "a": {},
            "t": "[__Type!]!",
            "D": "N"
          }
        },
        "r": "__Schema"
      }
    },
    "__Type": {
      "O": {
        "n": "__Type",
        "d": "The fundamental unit of any GraphQL Schema is the type. There are many kinds of types in GraphQL as represented by the `__TypeKind` enum.\n\nDepending on the kind of a type, certain fields describe information about that type. Scalar types provide no information beyond a name and description, while Enum types provide their values. Object and Interface types provide the fields they describe. Abstract types, Union and Interface, provide the Object types possible at runtime. List and NonNull types compose other types.",
        "f": {
          "description": {
            "n": "description",
            "a": {},
            "t": "String",
            "D": "N"
          },
          "enumValues": {
            "n": "enumValues",
            "a": {
              "includeDeprecated": {
                "n": "includeDeprecated",
                "t": "Boolean",
                "D": "false"
              }
            },
            "t": "[__EnumValue!]",
            "D": "N"
          },
          "fields": {
            "n": "fields",
            "a": {
              "includeDeprecated": {
                "n": "includeDeprecated",
                "t": "Boolean",
                "D": "false"
              }
            },
            "t": "[__Field!]",
            "D": "N"
          },
          "inputFields": {
            "n": "inputFields",
            "a": {},
            "t": "[__InputValue!]",
            "D": "N"
          },
          "interfaces": {
            "n": "interfaces",
            "a": {},
            "t": "[__Type!]",
            "D": "N"
          },
          "kind": {
            "n": "kind",
            "a": {},
            "t": "__TypeKind!",
            "D": "N"
          },
          "name": {
            "n": "name",
            "a": {},
            "t": "String",
            "D": "N"
          },
          "ofType": {
            "n": "ofType",
            "a": {},
            "t": "__Type",
            "D": "N"
          },
          "possibleTypes": {
            "n": "possibleTypes",
            "a": {},
            "t": "[__Type!]",
            "D": "N"
          }
        },
        "r": "__Type"
      }
    },
    "__TypeKind": {
      "E": {
        "n": "__TypeKind",
        "d": "An enum describing what kind of type a given `__Type` is.",
        "e": {
          "ENUM": {
            "n": "ENUM",
            "d": "Indicates this type is an enum. `enumValues` is a valid field."
          },
          "INPUT_OBJECT": {
            "n": "INPUT_OBJECT",
            "d": "Indicates this type is an input object. `inputFields` is a valid field."
          },
          "INTERFACE": {
            "n": "INTERFACE",
            "d": "Indicates this type is an interface. `fields` and `possibleTypes` are valid fields."
          },
          "LIST": {
            "n": "LIST",
            "d": "Indicates this type is a list. `ofType` is a valid field."
          },
          "NON_NULL": {
            "n": "NON_NULL",
            "d": "Indicates this type is a non-null. `ofType` is a valid field."
          },
          "OBJECT": {
            "n": "OBJECT",
            "d": "Indicates this type is an object. `fields` and `interfaces` are valid fields."
          },
          "SCALAR": {
            "n": "SCALAR",
            "d": "Indicates this type is a scalar."
          },
          "UNION": {
            "n": "UNION",
            "d": "Indicates this type is a union. `possibleTypes` is a valid field."
          }
        },
        "r": "__TypeKind"
      }
    }
  },
  "directives": {
    "deprecated": {
      "name": "deprecated",
      "description": "Marks an element of a GraphQL schema as no longer supported.",
      "locations": [
        "FIELD_DEFINITION",
        "ENUM_VALUE"
      ],
      "args": {
        "reason": {
          "n": "reason",
          "d": "Explains why this element was deprecated, usually also including a suggestion for how to access supported similar data. Formatted using the Markdown syntax (as specified by [CommonMark](https://commonmark.org/).",
          "t": "String",
          "D": "\"No longer supported\""
        }
      },
      "is_repeatable": false
    },
    "include": {
      "name": "include",
      "description": "Directs the executor to include this field or fragment only when the `if` argument is true.",
      "locations": [
        "FIELD",
        "FRAGMENT_SPREAD",
        "INLINE_FRAGMENT"
      ],
      "args": {
        "if": {
          "n": "if",
          "d": "Included when true.",
          "t": "Boolean!"
        }
      },
      "is_repeatable": false
    },
    "skip": {
      "name": "skip",
      "description": "Directs the executor to skip this field or fragment when the `if` argument is true.",
      "locations": [
        "FIELD",
        "FRAGMENT_SPREAD",
        "INLINE_FRAGMENT"
      ],
      "args": {
        "if": {
          "n": "if",
          "d": "Skipped when true.",
          "t": "Boolean!"
        }
      },
      "is_repeatable": false
    }
  },
  "implements": {
    "Film": [
      "Node"
    ],
    "Person": [
      "Node"
    ],
    "Planet": [
      "Node"
    ],
    "Species": [
      "Node"
    ],
    "Starship": [
      "Node"
    ],
    "Vehicle": [
      "Node"
    ]
  },
  "query_type": "Root",
  "mutation_type": null,
  "subscription_type": null,
  "disable_introspection": false,
  "enable_federation": false,
  "federation_subscription": false,
  "auth": {
    "allowed_private_ops": 0,
    "allowed_public_ops": 0,
    "allowed_group_ops": {},
    "allowed_owner_ops": 0,
    "provider": null
  },
  "mongodb_configurations": {},
  "http_headers": {},
  "postgres_databases": {},
  "search_config": {
    "indices": {}
  },
  "enable_caching": false,
  "enable_kv": false,
  "enable_ai": false
}
