---
source: common/parser/src/lib.rs
assertion_line: 79
expression: sdl
---
type Mutation {
	"""
	Create a Product
	"""
	ProductCreate(input: ProductCreateInput!): ProductCreatePayload
	"""
	Delete a Product by ID
	"""
	ProductDelete(id: ID!): ProductDeletePayload
}
type PageInfo {
	hasPreviousPage: Boolean!
	hasNextPage: Boolean!
	startCursor: String
	endCursor: String
}
type Product {
	id: ID!
	name: String!
	"""
	The product's price in $
	"""
	price: Int!
}
type ProductConnection {
	"""
	Information to aid in pagination
	"""
	pageInfo: PageInfo!
	edges: [ProductEdge]
}
"""
Input to create a new Product
"""
input ProductCreateInput {
	name: String!
	"""
	The product's price in $
	"""
	price: Int!
}
type ProductCreatePayload {
	Product: Product
}
type ProductDeletePayload {
	deletedId: ID!
}
type ProductEdge {
	node: Product!
	cursor: String!
}
type Query {
	"""
	Get a Product by ID
	"""
	Product(id: ID!): Product
	"""
	Unpaginated query to fetch the whole list of `Product`.
	"""
	ProductCollection(after: String, before: String, first: Int, last: Int): ProductConnection
}
schema {
	query: Query
	mutation: Mutation
}

