---
source: common/parser/src/lib.rs
expression: reg_string
---
{
  "auth": {
    "allowed_anonymous_ops": 31,
    "allowed_group_ops": {},
    "allowed_owner_ops": 0,
    "allowed_private_ops": 0,
    "oidc_providers": []
  },
  "directives": {
    "include": {
      "args": {
        "if": {
          "default_value": null,
          "description": "Included when true.",
          "is_secret": false,
          "name": "if",
          "ty": "Boolean!"
        }
      },
      "description": "Directs the executor to include this field or fragment only when the `if` argument is true.",
      "is_repeatable": false,
      "locations": [
        "FIELD",
        "FRAGMENT_SPREAD",
        "INLINE_FRAGMENT"
      ],
      "name": "include"
    },
    "oneOf": {
      "args": {},
      "description": "Indicates that an input object is a oneOf input object",
      "is_repeatable": false,
      "locations": [
        "INPUT_OBJECT"
      ],
      "name": "oneOf"
    },
    "skip": {
      "args": {
        "if": {
          "default_value": null,
          "description": "Skipped when true.",
          "is_secret": false,
          "name": "if",
          "ty": "Boolean!"
        }
      },
      "description": "Directs the executor to skip this field or fragment when the `if` argument is true.",
      "is_repeatable": false,
      "locations": [
        "FIELD",
        "FRAGMENT_SPREAD",
        "INLINE_FRAGMENT"
      ],
      "name": "skip"
    }
  },
  "disable_introspection": false,
  "enable_federation": false,
  "federation_subscription": false,
  "implements": {},
  "mutation_type": "Mutation",
  "query_type": "Query",
  "subscription_type": null,
  "types": {
    "Author": {
      "Object": {
        "cache_control": {
          "max_age": 0,
          "public": true
        },
        "constraints": [],
        "description": null,
        "extends": false,
        "fields": {
          "lastname": {
            "args": {},
            "cache_control": {
              "max_age": 0,
              "public": true
            },
            "deprecation": "NoDeprecated",
            "description": null,
            "edges": [],
            "external": false,
            "name": "lastname",
            "provides": null,
            "relation": null,
            "required_operation": null,
            "requires": null,
            "resolve": null,
            "transforms": [
              {
                "JSONSelect": {
                  "functions": [],
                  "property": "lastname"
                }
              }
            ],
            "ty": "String!"
          },
          "name": {
            "args": {},
            "cache_control": {
              "max_age": 0,
              "public": true
            },
            "deprecation": "NoDeprecated",
            "description": null,
            "edges": [],
            "external": false,
            "name": "name",
            "provides": null,
            "relation": null,
            "required_operation": null,
            "requires": null,
            "resolve": null,
            "transforms": [
              {
                "JSONSelect": {
                  "functions": [],
                  "property": "name"
                }
              }
            ],
            "ty": "String!"
          },
          "pseudo": {
            "args": {},
            "cache_control": {
              "max_age": 0,
              "public": true
            },
            "deprecation": "NoDeprecated",
            "description": null,
            "edges": [],
            "external": false,
            "name": "pseudo",
            "provides": null,
            "relation": null,
            "required_operation": null,
            "requires": null,
            "resolve": null,
            "transforms": [
              {
                "JSONSelect": {
                  "functions": [],
                  "property": "pseudo"
                }
              }
            ],
            "ty": "String"
          },
          "truc": {
            "args": {},
            "cache_control": {
              "max_age": 0,
              "public": true
            },
            "deprecation": "NoDeprecated",
            "description": null,
            "edges": [],
            "external": false,
            "name": "truc",
            "provides": null,
            "relation": null,
            "required_operation": null,
            "requires": null,
            "resolve": null,
            "transforms": [
              {
                "JSONSelect": {
                  "functions": [],
                  "property": "truc"
                }
              }
            ],
            "ty": "Truc!"
          }
        },
        "is_node": false,
        "is_subscription": false,
        "keys": null,
        "name": "Author",
        "rust_typename": "Author"
      }
    },
    "AuthorInput": {
      "InputObject": {
        "description": "Author input type.",
        "input_fields": {
          "lastname": {
            "default_value": null,
            "description": null,
            "is_secret": false,
            "name": "lastname",
            "ty": "String!"
          },
          "name": {
            "default_value": null,
            "description": null,
            "is_secret": false,
            "name": "name",
            "ty": "String!"
          },
          "pseudo": {
            "default_value": null,
            "description": null,
            "is_secret": false,
            "name": "pseudo",
            "ty": "String"
          },
          "truc": {
            "default_value": null,
            "description": null,
            "is_secret": false,
            "name": "truc",
            "ty": "TrucInput!"
          }
        },
        "name": "AuthorInput",
        "oneof": false,
        "rust_typename": "Author"
      }
    },
    "Boolean": {
      "Scalar": {
        "description": "The `Boolean` scalar type represents `true` or `false`.",
        "name": "Boolean",
        "specified_by_url": null
      }
    },
    "DateTime": {
      "Scalar": {
        "description": "A date-time string at UTC, such as 2007-12-03T10:15:30Z, is compliant with the date-time format outlined in section 5.6 of the RFC 3339\nprofile of the ISO 8601 standard for representation of dates and times using the Gregorian calendar.\n\nThis scalar is a description of an exact instant on the timeline such as the instant that a user account was created.\n\n# Input Coercion\n\nWhen expected as an input type, only RFC 3339 compliant date-time strings are accepted. All other input values raise a query error indicating an incorrect type.\n\n# Result Coercion\n\nWhere an RFC 3339 compliant date-time string has a time-zone other than UTC, it is shifted to UTC.\nFor example, the date-time string 2016-01-01T14:10:20+01:00 is shifted to 2016-01-01T13:10:20Z.",
        "name": "DateTime",
        "specified_by_url": "https://datatracker.ietf.org/doc/html/rfc3339"
      }
    },
    "Float": {
      "Scalar": {
        "description": "The `Float` scalar type represents signed double-precision fractional values as specified by [IEEE 754](https://en.wikipedia.org/wiki/IEEE_floating_point).",
        "name": "Float",
        "specified_by_url": null
      }
    },
    "ID": {
      "Scalar": {
        "description": null,
        "name": "ID",
        "specified_by_url": null
      }
    },
    "Int": {
      "Scalar": {
        "description": "The `Int` scalar type represents non-fractional whole numeric values.",
        "name": "Int",
        "specified_by_url": null
      }
    },
    "Mutation": {
      "Object": {
        "cache_control": {
          "max_age": 0,
          "public": true
        },
        "constraints": [],
        "description": null,
        "extends": false,
        "fields": {
          "todoCreate": {
            "args": {
              "input": {
                "default_value": null,
                "description": null,
                "is_secret": false,
                "name": "input",
                "ty": "TodoCreateInput!"
              }
            },
            "cache_control": {
              "max_age": 0,
              "public": true
            },
            "deprecation": "NoDeprecated",
            "description": "Create a Todo",
            "edges": [],
            "external": false,
            "name": "todoCreate",
            "provides": null,
            "relation": null,
            "required_operation": 1,
            "requires": null,
            "resolve": {
              "id": "todo_create_resolver",
              "type": {
                "DynamoMutationResolver": {
                  "CreateNode": {
                    "input": {
                      "InputTypeName": "input"
                    },
                    "ty": "Todo"
                  }
                }
              }
            },
            "transforms": null,
            "ty": "TodoCreatePayload"
          },
          "todoDelete": {
            "args": {
              "by": {
                "default_value": null,
                "description": null,
                "is_secret": false,
                "name": "by",
                "ty": "TodoByInput!"
              }
            },
            "cache_control": {
              "max_age": 0,
              "public": true
            },
            "deprecation": "NoDeprecated",
            "description": "Delete a Todo by ID or unique field",
            "edges": [],
            "external": false,
            "name": "todoDelete",
            "provides": null,
            "relation": null,
            "required_operation": 16,
            "requires": null,
            "resolve": {
              "id": "todo_delete_resolver",
              "type": {
                "DynamoMutationResolver": {
                  "DeleteNode": {
                    "by": {
                      "InputTypeName": "by"
                    },
                    "ty": "Todo"
                  }
                }
              }
            },
            "transforms": null,
            "ty": "TodoDeletePayload"
          },
          "todoUpdate": {
            "args": {
              "by": {
                "default_value": null,
                "description": null,
                "is_secret": false,
                "name": "by",
                "ty": "TodoByInput!"
              },
              "input": {
                "default_value": null,
                "description": null,
                "is_secret": false,
                "name": "input",
                "ty": "TodoUpdateInput!"
              }
            },
            "cache_control": {
              "max_age": 0,
              "public": true
            },
            "deprecation": "NoDeprecated",
            "description": "Update a Todo",
            "edges": [],
            "external": false,
            "name": "todoUpdate",
            "provides": null,
            "relation": null,
            "required_operation": 8,
            "requires": null,
            "resolve": {
              "id": "todo_create_resolver",
              "type": {
                "DynamoMutationResolver": {
                  "UpdateNode": {
                    "by": {
                      "InputTypeName": "by"
                    },
                    "input": {
                      "InputTypeName": "input"
                    },
                    "ty": "Todo"
                  }
                }
              }
            },
            "transforms": null,
            "ty": "TodoUpdatePayload"
          }
        },
        "is_node": false,
        "is_subscription": false,
        "keys": null,
        "name": "Mutation",
        "rust_typename": "Mutation"
      }
    },
    "PageInfo": {
      "Object": {
        "cache_control": {
          "max_age": 0,
          "public": true
        },
        "constraints": [],
        "description": null,
        "extends": false,
        "fields": {
          "endCursor": {
            "args": {},
            "cache_control": {
              "max_age": 0,
              "public": true
            },
            "deprecation": "NoDeprecated",
            "description": null,
            "edges": [],
            "external": false,
            "name": "endCursor",
            "provides": null,
            "relation": null,
            "required_operation": 4,
            "requires": null,
            "resolve": {
              "id": null,
              "type": {
                "ContextDataResolver": "PaginationData"
              }
            },
            "transforms": [
              {
                "JSONSelect": {
                  "functions": [],
                  "property": "end_cursor"
                }
              }
            ],
            "ty": "String"
          },
          "hasNextPage": {
            "args": {},
            "cache_control": {
              "max_age": 0,
              "public": true
            },
            "deprecation": "NoDeprecated",
            "description": null,
            "edges": [],
            "external": false,
            "name": "hasNextPage",
            "provides": null,
            "relation": null,
            "required_operation": 4,
            "requires": null,
            "resolve": {
              "id": null,
              "type": {
                "ContextDataResolver": "PaginationData"
              }
            },
            "transforms": [
              {
                "JSONSelect": {
                  "functions": [],
                  "property": "has_next_page"
                }
              }
            ],
            "ty": "Boolean!"
          },
          "hasPreviousPage": {
            "args": {},
            "cache_control": {
              "max_age": 0,
              "public": true
            },
            "deprecation": "NoDeprecated",
            "description": null,
            "edges": [],
            "external": false,
            "name": "hasPreviousPage",
            "provides": null,
            "relation": null,
            "required_operation": 4,
            "requires": null,
            "resolve": {
              "id": null,
              "type": {
                "ContextDataResolver": "PaginationData"
              }
            },
            "transforms": [
              {
                "JSONSelect": {
                  "functions": [],
                  "property": "has_previous_page"
                }
              }
            ],
            "ty": "Boolean!"
          },
          "startCursor": {
            "args": {},
            "cache_control": {
              "max_age": 0,
              "public": true
            },
            "deprecation": "NoDeprecated",
            "description": null,
            "edges": [],
            "external": false,
            "name": "startCursor",
            "provides": null,
            "relation": null,
            "required_operation": 4,
            "requires": null,
            "resolve": {
              "id": null,
              "type": {
                "ContextDataResolver": "PaginationData"
              }
            },
            "transforms": [
              {
                "JSONSelect": {
                  "functions": [],
                  "property": "start_cursor"
                }
              }
            ],
            "ty": "String"
          }
        },
        "is_node": false,
        "is_subscription": false,
        "keys": null,
        "name": "PageInfo",
        "rust_typename": "PageInfo"
      }
    },
    "Query": {
      "Object": {
        "cache_control": {
          "max_age": 0,
          "public": true
        },
        "constraints": [],
        "description": null,
        "extends": false,
        "fields": {
          "__schema": {
            "args": {},
            "cache_control": {
              "max_age": 0,
              "public": true
            },
            "deprecation": "NoDeprecated",
            "description": "Access the current type schema of this server.",
            "edges": [],
            "external": false,
            "name": "__schema",
            "provides": null,
            "relation": null,
            "required_operation": null,
            "requires": null,
            "resolve": null,
            "transforms": null,
            "ty": "__Schema!"
          },
          "todo": {
            "args": {
              "by": {
                "default_value": null,
                "description": "The field and value by which to query the Todo",
                "is_secret": false,
                "name": "by",
                "ty": "TodoByInput!"
              }
            },
            "cache_control": {
              "max_age": 0,
              "public": true
            },
            "deprecation": "NoDeprecated",
            "description": "Query a single Todo by an ID or a unique field",
            "edges": [],
            "external": false,
            "name": "todo",
            "provides": null,
            "relation": null,
            "required_operation": 2,
            "requires": null,
            "resolve": {
              "id": "todo_resolver",
              "type": {
                "DynamoResolver": {
                  "QueryBy": {
                    "by": {
                      "InputTypeName": "by"
                    }
                  }
                }
              }
            },
            "transforms": null,
            "ty": "Todo"
          },
          "todoCollection": {
            "args": {
              "after": {
                "default_value": null,
                "description": null,
                "is_secret": false,
                "name": "after",
                "ty": "String"
              },
              "before": {
                "default_value": null,
                "description": null,
                "is_secret": false,
                "name": "before",
                "ty": "String"
              },
              "first": {
                "default_value": null,
                "description": null,
                "is_secret": false,
                "name": "first",
                "ty": "Int"
              },
              "last": {
                "default_value": null,
                "description": null,
                "is_secret": false,
                "name": "last",
                "ty": "Int"
              }
            },
            "cache_control": {
              "max_age": 0,
              "public": true
            },
            "deprecation": "NoDeprecated",
            "description": "Paginated query to fetch the whole list of `Todo`.",
            "edges": [],
            "external": false,
            "name": "todoCollection",
            "provides": null,
            "relation": null,
            "required_operation": 4,
            "requires": null,
            "resolve": {
              "id": "todo_resolver",
              "type": {
                "DynamoResolver": {
                  "ListResultByTypePaginated": {
                    "after": {
                      "InputTypeName": "after"
                    },
                    "before": {
                      "InputTypeName": "before"
                    },
                    "first": {
                      "InputTypeName": "first"
                    },
                    "last": {
                      "InputTypeName": "last"
                    },
                    "nested": null,
                    "type": {
                      "DebugString": "Todo"
                    }
                  }
                }
              }
            },
            "transforms": null,
            "ty": "TodoConnection"
          }
        },
        "is_node": false,
        "is_subscription": false,
        "keys": null,
        "name": "Query",
        "rust_typename": "Query"
      }
    },
    "String": {
      "Scalar": {
        "description": "The `String` scalar type represents textual data, represented as UTF-8 character sequences. The String type is most often used by GraphQL to represent free-form human-readable text.",
        "name": "String",
        "specified_by_url": null
      }
    },
    "Todo": {
      "Object": {
        "cache_control": {
          "max_age": 0,
          "public": true
        },
        "constraints": [],
        "description": null,
        "extends": false,
        "fields": {
          "authors": {
            "args": {},
            "cache_control": {
              "max_age": 0,
              "public": true
            },
            "deprecation": "NoDeprecated",
            "description": null,
            "edges": [],
            "external": false,
            "name": "authors",
            "provides": null,
            "relation": null,
            "required_operation": null,
            "requires": null,
            "resolve": {
              "id": null,
              "type": {
                "ContextDataResolver": {
                  "LocalKey": {
                    "key": "Todo"
                  }
                }
              }
            },
            "transforms": [
              {
                "DynamoSelect": {
                  "property": "authors"
                }
              }
            ],
            "ty": "[Author]"
          },
          "content": {
            "args": {},
            "cache_control": {
              "max_age": 0,
              "public": true
            },
            "deprecation": "NoDeprecated",
            "description": null,
            "edges": [],
            "external": false,
            "name": "content",
            "provides": null,
            "relation": null,
            "required_operation": null,
            "requires": null,
            "resolve": {
              "id": null,
              "type": {
                "ContextDataResolver": {
                  "LocalKey": {
                    "key": "Todo"
                  }
                }
              }
            },
            "transforms": [
              {
                "DynamoSelect": {
                  "property": "content"
                }
              }
            ],
            "ty": "String!"
          },
          "createdAt": {
            "args": {},
            "cache_control": {
              "max_age": 0,
              "public": true
            },
            "deprecation": "NoDeprecated",
            "description": "when the model was created",
            "edges": [],
            "external": false,
            "name": "createdAt",
            "provides": null,
            "relation": null,
            "required_operation": null,
            "requires": null,
            "resolve": {
              "id": null,
              "type": {
                "ContextDataResolver": {
                  "LocalKey": {
                    "key": "Todo"
                  }
                }
              }
            },
            "transforms": [
              {
                "DynamoSelect": {
                  "property": "__created_at"
                }
              }
            ],
            "ty": "DateTime!"
          },
          "id": {
            "args": {},
            "cache_control": {
              "max_age": 0,
              "public": true
            },
            "deprecation": "NoDeprecated",
            "description": null,
            "edges": [],
            "external": false,
            "name": "id",
            "provides": null,
            "relation": null,
            "required_operation": null,
            "requires": null,
            "resolve": {
              "id": null,
              "type": {
                "ContextDataResolver": {
                  "LocalKey": {
                    "key": "Todo"
                  }
                }
              }
            },
            "transforms": [
              {
                "DynamoSelect": {
                  "property": "__sk"
                }
              }
            ],
            "ty": "ID!"
          },
          "updatedAt": {
            "args": {},
            "cache_control": {
              "max_age": 0,
              "public": true
            },
            "deprecation": "NoDeprecated",
            "description": "when the model was updated",
            "edges": [],
            "external": false,
            "name": "updatedAt",
            "provides": null,
            "relation": null,
            "required_operation": null,
            "requires": null,
            "resolve": {
              "id": null,
              "type": {
                "ContextDataResolver": {
                  "LocalKey": {
                    "key": "Todo"
                  }
                }
              }
            },
            "transforms": [
              {
                "DynamoSelect": {
                  "property": "__updated_at"
                }
              }
            ],
            "ty": "DateTime!"
          }
        },
        "is_node": true,
        "is_subscription": false,
        "keys": null,
        "name": "Todo",
        "rust_typename": "Todo"
      }
    },
    "TodoByInput": {
      "InputObject": {
        "description": null,
        "input_fields": {
          "id": {
            "default_value": null,
            "description": null,
            "is_secret": false,
            "name": "id",
            "ty": "ID"
          }
        },
        "name": "TodoByInput",
        "oneof": true,
        "rust_typename": "TodoByInput"
      }
    },
    "TodoConnection": {
      "Object": {
        "cache_control": {
          "max_age": 0,
          "public": true
        },
        "constraints": [],
        "description": null,
        "extends": false,
        "fields": {
          "edges": {
            "args": {},
            "cache_control": {
              "max_age": 0,
              "public": true
            },
            "deprecation": "NoDeprecated",
            "description": null,
            "edges": [],
            "external": false,
            "name": "edges",
            "provides": null,
            "relation": null,
            "required_operation": 4,
            "requires": null,
            "resolve": null,
            "transforms": null,
            "ty": "[TodoEdge]"
          },
          "pageInfo": {
            "args": {},
            "cache_control": {
              "max_age": 0,
              "public": true
            },
            "deprecation": "NoDeprecated",
            "description": "Information to aid in pagination",
            "edges": [],
            "external": false,
            "name": "pageInfo",
            "provides": null,
            "relation": null,
            "required_operation": 4,
            "requires": null,
            "resolve": null,
            "transforms": null,
            "ty": "PageInfo!"
          }
        },
        "is_node": false,
        "is_subscription": false,
        "keys": null,
        "name": "TodoConnection",
        "rust_typename": "TodoConnection"
      }
    },
    "TodoCreateInput": {
      "InputObject": {
        "description": "Input to create a new Todo",
        "input_fields": {
          "authors": {
            "default_value": null,
            "description": null,
            "is_secret": false,
            "name": "authors",
            "ty": "[AuthorInput]"
          },
          "content": {
            "default_value": null,
            "description": null,
            "is_secret": false,
            "name": "content",
            "ty": "String!"
          }
        },
        "name": "TodoCreateInput",
        "oneof": false,
        "rust_typename": "Todo"
      }
    },
    "TodoCreatePayload": {
      "Object": {
        "cache_control": {
          "max_age": 0,
          "public": true
        },
        "constraints": [],
        "description": null,
        "extends": false,
        "fields": {
          "todo": {
            "args": {},
            "cache_control": {
              "max_age": 0,
              "public": true
            },
            "deprecation": "NoDeprecated",
            "description": null,
            "edges": [],
            "external": false,
            "name": "todo",
            "provides": null,
            "relation": null,
            "required_operation": 1,
            "requires": null,
            "resolve": {
              "id": "todo_resolver",
              "type": {
                "DynamoResolver": {
                  "QueryPKSK": {
                    "pk": {
                      "LocalData": "id"
                    },
                    "sk": {
                      "LocalData": "id"
                    }
                  }
                }
              }
            },
            "transforms": null,
            "ty": "Todo"
          }
        },
        "is_node": false,
        "is_subscription": false,
        "keys": null,
        "name": "TodoCreatePayload",
        "rust_typename": "TodoCreatePayload"
      }
    },
    "TodoDeletePayload": {
      "Object": {
        "cache_control": {
          "max_age": 0,
          "public": true
        },
        "constraints": [],
        "description": null,
        "extends": false,
        "fields": {
          "deletedId": {
            "args": {},
            "cache_control": {
              "max_age": 0,
              "public": true
            },
            "deprecation": "NoDeprecated",
            "description": null,
            "edges": [],
            "external": false,
            "name": "deletedId",
            "provides": null,
            "relation": null,
            "required_operation": 16,
            "requires": null,
            "resolve": null,
            "transforms": [
              {
                "JSONSelect": {
                  "functions": [],
                  "property": "id"
                }
              }
            ],
            "ty": "ID!"
          }
        },
        "is_node": false,
        "is_subscription": false,
        "keys": null,
        "name": "TodoDeletePayload",
        "rust_typename": "TodoDeletePayload"
      }
    },
    "TodoEdge": {
      "Object": {
        "cache_control": {
          "max_age": 0,
          "public": true
        },
        "constraints": [],
        "description": null,
        "extends": false,
        "fields": {
          "cursor": {
            "args": {},
            "cache_control": {
              "max_age": 0,
              "public": true
            },
            "deprecation": "NoDeprecated",
            "description": null,
            "edges": [],
            "external": false,
            "name": "cursor",
            "provides": null,
            "relation": null,
            "required_operation": 4,
            "requires": null,
            "resolve": {
              "id": null,
              "type": {
                "ContextDataResolver": {
                  "LocalKey": {
                    "key": "Todo"
                  }
                }
              }
            },
            "transforms": [
              {
                "DynamoSelect": {
                  "property": "__pk"
                }
              }
            ],
            "ty": "String!"
          },
          "node": {
            "args": {},
            "cache_control": {
              "max_age": 0,
              "public": true
            },
            "deprecation": "NoDeprecated",
            "description": null,
            "edges": [],
            "external": false,
            "name": "node",
            "provides": null,
            "relation": null,
            "required_operation": 4,
            "requires": null,
            "resolve": null,
            "transforms": null,
            "ty": "Todo!"
          }
        },
        "is_node": false,
        "is_subscription": false,
        "keys": null,
        "name": "TodoEdge",
        "rust_typename": "TodoEdge"
      }
    },
    "TodoUpdateInput": {
      "InputObject": {
        "description": "Input to create a new Todo",
        "input_fields": {
          "authors": {
            "default_value": null,
            "description": null,
            "is_secret": false,
            "name": "authors",
            "ty": "[AuthorInput]"
          },
          "content": {
            "default_value": null,
            "description": null,
            "is_secret": false,
            "name": "content",
            "ty": "String"
          }
        },
        "name": "TodoUpdateInput",
        "oneof": false,
        "rust_typename": "Todo"
      }
    },
    "TodoUpdatePayload": {
      "Object": {
        "cache_control": {
          "max_age": 0,
          "public": true
        },
        "constraints": [],
        "description": null,
        "extends": false,
        "fields": {
          "todo": {
            "args": {},
            "cache_control": {
              "max_age": 0,
              "public": true
            },
            "deprecation": "NoDeprecated",
            "description": null,
            "edges": [],
            "external": false,
            "name": "todo",
            "provides": null,
            "relation": null,
            "required_operation": 8,
            "requires": null,
            "resolve": {
              "id": "todo_resolver",
              "type": {
                "DynamoResolver": {
                  "QueryPKSK": {
                    "pk": {
                      "LocalData": "id"
                    },
                    "sk": {
                      "LocalData": "id"
                    }
                  }
                }
              }
            },
            "transforms": null,
            "ty": "Todo"
          }
        },
        "is_node": false,
        "is_subscription": false,
        "keys": null,
        "name": "TodoUpdatePayload",
        "rust_typename": "TodoUpdatePayload"
      }
    },
    "Truc": {
      "Object": {
        "cache_control": {
          "max_age": 0,
          "public": true
        },
        "constraints": [],
        "description": null,
        "extends": false,
        "fields": {
          "name": {
            "args": {},
            "cache_control": {
              "max_age": 0,
              "public": true
            },
            "deprecation": "NoDeprecated",
            "description": null,
            "edges": [],
            "external": false,
            "name": "name",
            "provides": null,
            "relation": null,
            "required_operation": null,
            "requires": null,
            "resolve": null,
            "transforms": [
              {
                "JSONSelect": {
                  "functions": [],
                  "property": "name"
                }
              }
            ],
            "ty": "String!"
          }
        },
        "is_node": false,
        "is_subscription": false,
        "keys": null,
        "name": "Truc",
        "rust_typename": "Truc"
      }
    },
    "TrucInput": {
      "InputObject": {
        "description": "Truc input type.",
        "input_fields": {
          "name": {
            "default_value": null,
            "description": null,
            "is_secret": false,
            "name": "name",
            "ty": "String!"
          }
        },
        "name": "TrucInput",
        "oneof": false,
        "rust_typename": "Truc"
      }
    },
    "__Directive": {
      "Object": {
        "cache_control": {
          "max_age": 0,
          "public": true
        },
        "constraints": [],
        "description": "A Directive provides a way to describe alternate runtime execution and type validation behavior in a GraphQL document.\n\nIn some cases, you need to provide options to alter GraphQL's execution behavior in ways field arguments will not suffice, such as conditionally including or skipping a field. Directives provide this by describing additional information to the executor.",
        "extends": false,
        "fields": {
          "args": {
            "args": {},
            "cache_control": {
              "max_age": 0,
              "public": true
            },
            "deprecation": "NoDeprecated",
            "description": null,
            "edges": [],
            "external": false,
            "name": "args",
            "provides": null,
            "relation": null,
            "required_operation": null,
            "requires": null,
            "resolve": null,
            "transforms": null,
            "ty": "[__InputValue!]!"
          },
          "description": {
            "args": {},
            "cache_control": {
              "max_age": 0,
              "public": true
            },
            "deprecation": "NoDeprecated",
            "description": null,
            "edges": [],
            "external": false,
            "name": "description",
            "provides": null,
            "relation": null,
            "required_operation": null,
            "requires": null,
            "resolve": null,
            "transforms": null,
            "ty": "String"
          },
          "isRepeatable": {
            "args": {},
            "cache_control": {
              "max_age": 0,
              "public": true
            },
            "deprecation": "NoDeprecated",
            "description": null,
            "edges": [],
            "external": false,
            "name": "isRepeatable",
            "provides": null,
            "relation": null,
            "required_operation": null,
            "requires": null,
            "resolve": null,
            "transforms": null,
            "ty": "Boolean!"
          },
          "locations": {
            "args": {},
            "cache_control": {
              "max_age": 0,
              "public": true
            },
            "deprecation": "NoDeprecated",
            "description": null,
            "edges": [],
            "external": false,
            "name": "locations",
            "provides": null,
            "relation": null,
            "required_operation": null,
            "requires": null,
            "resolve": null,
            "transforms": null,
            "ty": "[__DirectiveLocation!]!"
          },
          "name": {
            "args": {},
            "cache_control": {
              "max_age": 0,
              "public": true
            },
            "deprecation": "NoDeprecated",
            "description": null,
            "edges": [],
            "external": false,
            "name": "name",
            "provides": null,
            "relation": null,
            "required_operation": null,
            "requires": null,
            "resolve": null,
            "transforms": null,
            "ty": "String!"
          }
        },
        "is_node": false,
        "is_subscription": false,
        "keys": null,
        "name": "__Directive",
        "rust_typename": "dynaql::model::directive::__Directive"
      }
    },
    "__DirectiveLocation": {
      "Enum": {
        "description": "A Directive can be adjacent to many parts of the GraphQL language, a __DirectiveLocation describes one such possible adjacencies.",
        "enum_values": {
          "ARGUMENT_DEFINITION": {
            "deprecation": "NoDeprecated",
            "description": "Location adjacent to an argument definition.",
            "name": "ARGUMENT_DEFINITION"
          },
          "ENUM": {
            "deprecation": "NoDeprecated",
            "description": "Location adjacent to an enum definition.",
            "name": "ENUM"
          },
          "ENUM_VALUE": {
            "deprecation": "NoDeprecated",
            "description": "Location adjacent to an enum value definition.",
            "name": "ENUM_VALUE"
          },
          "FIELD": {
            "deprecation": "NoDeprecated",
            "description": "Location adjacent to a field.",
            "name": "FIELD"
          },
          "FIELD_DEFINITION": {
            "deprecation": "NoDeprecated",
            "description": "Location adjacent to a field definition.",
            "name": "FIELD_DEFINITION"
          },
          "FRAGMENT_DEFINITION": {
            "deprecation": "NoDeprecated",
            "description": "Location adjacent to a fragment definition.",
            "name": "FRAGMENT_DEFINITION"
          },
          "FRAGMENT_SPREAD": {
            "deprecation": "NoDeprecated",
            "description": "Location adjacent to a fragment spread.",
            "name": "FRAGMENT_SPREAD"
          },
          "INLINE_FRAGMENT": {
            "deprecation": "NoDeprecated",
            "description": "Location adjacent to an inline fragment.",
            "name": "INLINE_FRAGMENT"
          },
          "INPUT_FIELD_DEFINITION": {
            "deprecation": "NoDeprecated",
            "description": "Location adjacent to an input object field definition.",
            "name": "INPUT_FIELD_DEFINITION"
          },
          "INPUT_OBJECT": {
            "deprecation": "NoDeprecated",
            "description": "Location adjacent to an input object type definition.",
            "name": "INPUT_OBJECT"
          },
          "INTERFACE": {
            "deprecation": "NoDeprecated",
            "description": "Location adjacent to an interface definition.",
            "name": "INTERFACE"
          },
          "MUTATION": {
            "deprecation": "NoDeprecated",
            "description": "Location adjacent to a mutation operation.",
            "name": "MUTATION"
          },
          "OBJECT": {
            "deprecation": "NoDeprecated",
            "description": "Location adjacent to an object type definition.",
            "name": "OBJECT"
          },
          "QUERY": {
            "deprecation": "NoDeprecated",
            "description": "Location adjacent to a query operation.",
            "name": "QUERY"
          },
          "SCALAR": {
            "deprecation": "NoDeprecated",
            "description": "Location adjacent to a scalar definition.",
            "name": "SCALAR"
          },
          "SCHEMA": {
            "deprecation": "NoDeprecated",
            "description": "Location adjacent to a schema definition.",
            "name": "SCHEMA"
          },
          "SUBSCRIPTION": {
            "deprecation": "NoDeprecated",
            "description": "Location adjacent to a subscription operation.",
            "name": "SUBSCRIPTION"
          },
          "UNION": {
            "deprecation": "NoDeprecated",
            "description": "Location adjacent to a union definition.",
            "name": "UNION"
          },
          "VARIABLE_DEFINITION": {
            "deprecation": "NoDeprecated",
            "description": "Location adjacent to a variable definition.",
            "name": "VARIABLE_DEFINITION"
          }
        },
        "name": "__DirectiveLocation",
        "rust_typename": "dynaql::model::directive::__DirectiveLocation"
      }
    },
    "__EnumValue": {
      "Object": {
        "cache_control": {
          "max_age": 0,
          "public": true
        },
        "constraints": [],
        "description": "One possible value for a given Enum. Enum values are unique values, not a placeholder for a string or numeric value. However an Enum value is returned in a JSON response as a string.",
        "extends": false,
        "fields": {
          "deprecationReason": {
            "args": {},
            "cache_control": {
              "max_age": 0,
              "public": true
            },
            "deprecation": "NoDeprecated",
            "description": null,
            "edges": [],
            "external": false,
            "name": "deprecationReason",
            "provides": null,
            "relation": null,
            "required_operation": null,
            "requires": null,
            "resolve": null,
            "transforms": null,
            "ty": "String"
          },
          "description": {
            "args": {},
            "cache_control": {
              "max_age": 0,
              "public": true
            },
            "deprecation": "NoDeprecated",
            "description": null,
            "edges": [],
            "external": false,
            "name": "description",
            "provides": null,
            "relation": null,
            "required_operation": null,
            "requires": null,
            "resolve": null,
            "transforms": null,
            "ty": "String"
          },
          "isDeprecated": {
            "args": {},
            "cache_control": {
              "max_age": 0,
              "public": true
            },
            "deprecation": "NoDeprecated",
            "description": null,
            "edges": [],
            "external": false,
            "name": "isDeprecated",
            "provides": null,
            "relation": null,
            "required_operation": null,
            "requires": null,
            "resolve": null,
            "transforms": null,
            "ty": "Boolean!"
          },
          "name": {
            "args": {},
            "cache_control": {
              "max_age": 0,
              "public": true
            },
            "deprecation": "NoDeprecated",
            "description": null,
            "edges": [],
            "external": false,
            "name": "name",
            "provides": null,
            "relation": null,
            "required_operation": null,
            "requires": null,
            "resolve": null,
            "transforms": null,
            "ty": "String!"
          }
        },
        "is_node": false,
        "is_subscription": false,
        "keys": null,
        "name": "__EnumValue",
        "rust_typename": "dynaql::model::enum_value::__EnumValue"
      }
    },
    "__Field": {
      "Object": {
        "cache_control": {
          "max_age": 0,
          "public": true
        },
        "constraints": [],
        "description": "Object and Interface types are described by a list of Fields, each of which has a name, potentially a list of arguments, and a return type.",
        "extends": false,
        "fields": {
          "args": {
            "args": {},
            "cache_control": {
              "max_age": 0,
              "public": true
            },
            "deprecation": "NoDeprecated",
            "description": null,
            "edges": [],
            "external": false,
            "name": "args",
            "provides": null,
            "relation": null,
            "required_operation": null,
            "requires": null,
            "resolve": null,
            "transforms": null,
            "ty": "[__InputValue!]!"
          },
          "deprecationReason": {
            "args": {},
            "cache_control": {
              "max_age": 0,
              "public": true
            },
            "deprecation": "NoDeprecated",
            "description": null,
            "edges": [],
            "external": false,
            "name": "deprecationReason",
            "provides": null,
            "relation": null,
            "required_operation": null,
            "requires": null,
            "resolve": null,
            "transforms": null,
            "ty": "String"
          },
          "description": {
            "args": {},
            "cache_control": {
              "max_age": 0,
              "public": true
            },
            "deprecation": "NoDeprecated",
            "description": null,
            "edges": [],
            "external": false,
            "name": "description",
            "provides": null,
            "relation": null,
            "required_operation": null,
            "requires": null,
            "resolve": null,
            "transforms": null,
            "ty": "String"
          },
          "isDeprecated": {
            "args": {},
            "cache_control": {
              "max_age": 0,
              "public": true
            },
            "deprecation": "NoDeprecated",
            "description": null,
            "edges": [],
            "external": false,
            "name": "isDeprecated",
            "provides": null,
            "relation": null,
            "required_operation": null,
            "requires": null,
            "resolve": null,
            "transforms": null,
            "ty": "Boolean!"
          },
          "name": {
            "args": {},
            "cache_control": {
              "max_age": 0,
              "public": true
            },
            "deprecation": "NoDeprecated",
            "description": null,
            "edges": [],
            "external": false,
            "name": "name",
            "provides": null,
            "relation": null,
            "required_operation": null,
            "requires": null,
            "resolve": null,
            "transforms": null,
            "ty": "String!"
          },
          "type": {
            "args": {},
            "cache_control": {
              "max_age": 0,
              "public": true
            },
            "deprecation": "NoDeprecated",
            "description": null,
            "edges": [],
            "external": false,
            "name": "type",
            "provides": null,
            "relation": null,
            "required_operation": null,
            "requires": null,
            "resolve": null,
            "transforms": null,
            "ty": "__Type!"
          }
        },
        "is_node": false,
        "is_subscription": false,
        "keys": null,
        "name": "__Field",
        "rust_typename": "dynaql::model::field::__Field"
      }
    },
    "__InputValue": {
      "Object": {
        "cache_control": {
          "max_age": 0,
          "public": true
        },
        "constraints": [],
        "description": "Arguments provided to Fields or Directives and the input fields of an InputObject are represented as Input Values which describe their type and optionally a default value.",
        "extends": false,
        "fields": {
          "defaultValue": {
            "args": {},
            "cache_control": {
              "max_age": 0,
              "public": true
            },
            "deprecation": "NoDeprecated",
            "description": null,
            "edges": [],
            "external": false,
            "name": "defaultValue",
            "provides": null,
            "relation": null,
            "required_operation": null,
            "requires": null,
            "resolve": null,
            "transforms": null,
            "ty": "String"
          },
          "description": {
            "args": {},
            "cache_control": {
              "max_age": 0,
              "public": true
            },
            "deprecation": "NoDeprecated",
            "description": null,
            "edges": [],
            "external": false,
            "name": "description",
            "provides": null,
            "relation": null,
            "required_operation": null,
            "requires": null,
            "resolve": null,
            "transforms": null,
            "ty": "String"
          },
          "name": {
            "args": {},
            "cache_control": {
              "max_age": 0,
              "public": true
            },
            "deprecation": "NoDeprecated",
            "description": null,
            "edges": [],
            "external": false,
            "name": "name",
            "provides": null,
            "relation": null,
            "required_operation": null,
            "requires": null,
            "resolve": null,
            "transforms": null,
            "ty": "String!"
          },
          "type": {
            "args": {},
            "cache_control": {
              "max_age": 0,
              "public": true
            },
            "deprecation": "NoDeprecated",
            "description": null,
            "edges": [],
            "external": false,
            "name": "type",
            "provides": null,
            "relation": null,
            "required_operation": null,
            "requires": null,
            "resolve": null,
            "transforms": null,
            "ty": "__Type!"
          }
        },
        "is_node": false,
        "is_subscription": false,
        "keys": null,
        "name": "__InputValue",
        "rust_typename": "dynaql::model::input_value::__InputValue"
      }
    },
    "__Schema": {
      "Object": {
        "cache_control": {
          "max_age": 0,
          "public": true
        },
        "constraints": [],
        "description": "A GraphQL Schema defines the capabilities of a GraphQL server. It exposes all available types and directives on the server, as well as the entry points for query, mutation, and subscription operations.",
        "extends": false,
        "fields": {
          "directives": {
            "args": {},
            "cache_control": {
              "max_age": 0,
              "public": true
            },
            "deprecation": "NoDeprecated",
            "description": "A list of all directives supported by this server.",
            "edges": [],
            "external": false,
            "name": "directives",
            "provides": null,
            "relation": null,
            "required_operation": null,
            "requires": null,
            "resolve": null,
            "transforms": null,
            "ty": "[__Directive!]!"
          },
          "mutationType": {
            "args": {},
            "cache_control": {
              "max_age": 0,
              "public": true
            },
            "deprecation": "NoDeprecated",
            "description": "If this server supports mutation, the type that mutation operations will be rooted at.",
            "edges": [],
            "external": false,
            "name": "mutationType",
            "provides": null,
            "relation": null,
            "required_operation": null,
            "requires": null,
            "resolve": null,
            "transforms": null,
            "ty": "__Type"
          },
          "queryType": {
            "args": {},
            "cache_control": {
              "max_age": 0,
              "public": true
            },
            "deprecation": "NoDeprecated",
            "description": "The type that query operations will be rooted at.",
            "edges": [],
            "external": false,
            "name": "queryType",
            "provides": null,
            "relation": null,
            "required_operation": null,
            "requires": null,
            "resolve": null,
            "transforms": null,
            "ty": "__Type!"
          },
          "subscriptionType": {
            "args": {},
            "cache_control": {
              "max_age": 0,
              "public": true
            },
            "deprecation": "NoDeprecated",
            "description": "If this server support subscription, the type that subscription operations will be rooted at.",
            "edges": [],
            "external": false,
            "name": "subscriptionType",
            "provides": null,
            "relation": null,
            "required_operation": null,
            "requires": null,
            "resolve": null,
            "transforms": null,
            "ty": "__Type"
          },
          "types": {
            "args": {},
            "cache_control": {
              "max_age": 0,
              "public": true
            },
            "deprecation": "NoDeprecated",
            "description": "A list of all types supported by this server.",
            "edges": [],
            "external": false,
            "name": "types",
            "provides": null,
            "relation": null,
            "required_operation": null,
            "requires": null,
            "resolve": null,
            "transforms": null,
            "ty": "[__Type!]!"
          }
        },
        "is_node": false,
        "is_subscription": false,
        "keys": null,
        "name": "__Schema",
        "rust_typename": "dynaql::model::schema::__Schema"
      }
    },
    "__Type": {
      "Object": {
        "cache_control": {
          "max_age": 0,
          "public": true
        },
        "constraints": [],
        "description": "The fundamental unit of any GraphQL Schema is the type. There are many kinds of types in GraphQL as represented by the `__TypeKind` enum.\n\nDepending on the kind of a type, certain fields describe information about that type. Scalar types provide no information beyond a name and description, while Enum types provide their values. Object and Interface types provide the fields they describe. Abstract types, Union and Interface, provide the Object types possible at runtime. List and NonNull types compose other types.",
        "extends": false,
        "fields": {
          "description": {
            "args": {},
            "cache_control": {
              "max_age": 0,
              "public": true
            },
            "deprecation": "NoDeprecated",
            "description": null,
            "edges": [],
            "external": false,
            "name": "description",
            "provides": null,
            "relation": null,
            "required_operation": null,
            "requires": null,
            "resolve": null,
            "transforms": null,
            "ty": "String"
          },
          "enumValues": {
            "args": {
              "includeDeprecated": {
                "default_value": false,
                "description": null,
                "is_secret": false,
                "name": "includeDeprecated",
                "ty": "Boolean!"
              }
            },
            "cache_control": {
              "max_age": 0,
              "public": true
            },
            "deprecation": "NoDeprecated",
            "description": null,
            "edges": [],
            "external": false,
            "name": "enumValues",
            "provides": null,
            "relation": null,
            "required_operation": null,
            "requires": null,
            "resolve": null,
            "transforms": null,
            "ty": "[__EnumValue!]"
          },
          "fields": {
            "args": {
              "includeDeprecated": {
                "default_value": false,
                "description": null,
                "is_secret": false,
                "name": "includeDeprecated",
                "ty": "Boolean!"
              }
            },
            "cache_control": {
              "max_age": 0,
              "public": true
            },
            "deprecation": "NoDeprecated",
            "description": null,
            "edges": [],
            "external": false,
            "name": "fields",
            "provides": null,
            "relation": null,
            "required_operation": null,
            "requires": null,
            "resolve": null,
            "transforms": null,
            "ty": "[__Field!]"
          },
          "inputFields": {
            "args": {},
            "cache_control": {
              "max_age": 0,
              "public": true
            },
            "deprecation": "NoDeprecated",
            "description": null,
            "edges": [],
            "external": false,
            "name": "inputFields",
            "provides": null,
            "relation": null,
            "required_operation": null,
            "requires": null,
            "resolve": null,
            "transforms": null,
            "ty": "[__InputValue!]"
          },
          "interfaces": {
            "args": {},
            "cache_control": {
              "max_age": 0,
              "public": true
            },
            "deprecation": "NoDeprecated",
            "description": null,
            "edges": [],
            "external": false,
            "name": "interfaces",
            "provides": null,
            "relation": null,
            "required_operation": null,
            "requires": null,
            "resolve": null,
            "transforms": null,
            "ty": "[__Type!]"
          },
          "isOneOf": {
            "args": {},
            "cache_control": {
              "max_age": 0,
              "public": true
            },
            "deprecation": "NoDeprecated",
            "description": null,
            "edges": [],
            "external": false,
            "name": "isOneOf",
            "provides": null,
            "relation": null,
            "required_operation": null,
            "requires": null,
            "resolve": null,
            "transforms": null,
            "ty": "Boolean"
          },
          "kind": {
            "args": {},
            "cache_control": {
              "max_age": 0,
              "public": true
            },
            "deprecation": "NoDeprecated",
            "description": null,
            "edges": [],
            "external": false,
            "name": "kind",
            "provides": null,
            "relation": null,
            "required_operation": null,
            "requires": null,
            "resolve": null,
            "transforms": null,
            "ty": "__TypeKind!"
          },
          "name": {
            "args": {},
            "cache_control": {
              "max_age": 0,
              "public": true
            },
            "deprecation": "NoDeprecated",
            "description": null,
            "edges": [],
            "external": false,
            "name": "name",
            "provides": null,
            "relation": null,
            "required_operation": null,
            "requires": null,
            "resolve": null,
            "transforms": null,
            "ty": "String"
          },
          "ofType": {
            "args": {},
            "cache_control": {
              "max_age": 0,
              "public": true
            },
            "deprecation": "NoDeprecated",
            "description": null,
            "edges": [],
            "external": false,
            "name": "ofType",
            "provides": null,
            "relation": null,
            "required_operation": null,
            "requires": null,
            "resolve": null,
            "transforms": null,
            "ty": "__Type"
          },
          "possibleTypes": {
            "args": {},
            "cache_control": {
              "max_age": 0,
              "public": true
            },
            "deprecation": "NoDeprecated",
            "description": null,
            "edges": [],
            "external": false,
            "name": "possibleTypes",
            "provides": null,
            "relation": null,
            "required_operation": null,
            "requires": null,
            "resolve": null,
            "transforms": null,
            "ty": "[__Type!]"
          },
          "specifiedByURL": {
            "args": {},
            "cache_control": {
              "max_age": 0,
              "public": true
            },
            "deprecation": "NoDeprecated",
            "description": null,
            "edges": [],
            "external": false,
            "name": "specifiedByURL",
            "provides": null,
            "relation": null,
            "required_operation": null,
            "requires": null,
            "resolve": null,
            "transforms": null,
            "ty": "String"
          }
        },
        "is_node": false,
        "is_subscription": false,
        "keys": null,
        "name": "__Type",
        "rust_typename": "dynaql::model::type::__Type"
      }
    },
    "__TypeKind": {
      "Enum": {
        "description": "An enum describing what kind of type a given `__Type` is.",
        "enum_values": {
          "ENUM": {
            "deprecation": "NoDeprecated",
            "description": "Indicates this type is an enum. `enumValues` is a valid field.",
            "name": "ENUM"
          },
          "INPUT_OBJECT": {
            "deprecation": "NoDeprecated",
            "description": "Indicates this type is an input object. `inputFields` is a valid field.",
            "name": "INPUT_OBJECT"
          },
          "INTERFACE": {
            "deprecation": "NoDeprecated",
            "description": "Indicates this type is an interface. `fields` and `possibleTypes` are valid fields.",
            "name": "INTERFACE"
          },
          "LIST": {
            "deprecation": "NoDeprecated",
            "description": "Indicates this type is a list. `ofType` is a valid field.",
            "name": "LIST"
          },
          "NON_NULL": {
            "deprecation": "NoDeprecated",
            "description": "Indicates this type is a non-null. `ofType` is a valid field.",
            "name": "NON_NULL"
          },
          "OBJECT": {
            "deprecation": "NoDeprecated",
            "description": "Indicates this type is an object. `fields` and `interfaces` are valid fields.",
            "name": "OBJECT"
          },
          "SCALAR": {
            "deprecation": "NoDeprecated",
            "description": "Indicates this type is a scalar.",
            "name": "SCALAR"
          },
          "UNION": {
            "deprecation": "NoDeprecated",
            "description": "Indicates this type is a union. `possibleTypes` is a valid field.",
            "name": "UNION"
          }
        },
        "name": "__TypeKind",
        "rust_typename": "dynaql::model::kind::__TypeKind"
      }
    }
  }
}
