---
source: common/parser/src/rules/relations/mod.rs
expression: ctx.relations
---
{
    "postsToday": MetaRelation {
        name: "postsToday",
        kind: OneToMany,
        relation: (
            Some(
                ModelName(
                    "Author",
                ),
            ),
            ModelName(
                "Post",
            ),
        ),
        birectional: false,
    },
    "postsYesterday": MetaRelation {
        name: "postsYesterday",
        kind: OneToMany,
        relation: (
            Some(
                ModelName(
                    "Author",
                ),
            ),
            ModelName(
                "Post",
            ),
        ),
        birectional: false,
    },
    "published": MetaRelation {
        name: "published",
        kind: ManyToMany,
        relation: (
            Some(
                ModelName(
                    "Author",
                ),
            ),
            ModelName(
                "Post",
            ),
        ),
        birectional: true,
    },
}
