---
source: crates/graphql-composition/tests/composition_tests.rs
expression: actual_api_sdl
input_file: crates/graphql-composition/tests/composition/authorized_with_composeDirective/test.md
---
directive @authorized(arguments: String, fields: String, node: String, metadata: _Any) on OBJECT | FIELD_DEFINITION

type Pet {
  age: String!
  id: Int!
  name: String!
}

type User {
  address: Address @authorized(fields: "id")
  id: Int!
  name: String!
  pets: [Pet!]!
}

type Address {
  street: String!
}

type Query {
  pets: [Pet]!
  user(id: Int!): User @authorized(arguments: "id")
  users: [User]! @authorized(node: "id", metadata: {role: "admin"})
}

scalar _Any
