---
source: crates/graphql-composition/tests/composition_tests.rs
expression: Federated SDL
input_file: crates/graphql-composition/tests/composition/subgraph_query_fields_service_entities/test.md
---
schema
  @link(url: "https://specs.apollo.dev/link/v1.0")
  @link(url: "https://specs.apollo.dev/join/v0.3", for: EXECUTION)
  @link(url: "https://specs.apollo.dev/inaccessible/v0.2", for: SECURITY)
{
  query: Query
  mutation: Mutation
}

directive @join__unionMember(graph: join__Graph!, member: String!) on UNION

directive @join__implements(graph: join__Graph!, interface: String!) on OBJECT | INTERFACE

directive @join__graph(name: String!, url: String) on ENUM_VALUE

directive @join__field(graph: join__Graph, requires: join__FieldSet, provides: join__FieldSet, type: String, external: Boolean, override: String, overrideLabel: String) on FIELD_DEFINITION | INPUT_FIELD_DEFINITION

directive @join__type(graph: join__Graph, key: join__FieldSet, extension: Boolean = false, resolvable: Boolean = true, isInterfaceObject: Boolean = false) on SCALAR | OBJECT | INTERFACE | UNION | ENUM | INPUT_OBJECT

directive @join__owner(graph: join__Graph!) on OBJECT

scalar _Any

scalar join__FieldSet

type Lentil
  @join__type(graph: LENTILS, key: "id")
{
  color: String!
  id: ID!
  name: String!
  nutritionalInfo: NutritionalInfo
  origin: String
}

type NutritionalInfo
  @join__type(graph: LENTILS)
  @join__type(graph: RICE)
{
  calories: Int
  carbohydrates: Float
  fat: Float
  fiber: Float
  protein: Float
}

type Rice
  @join__type(graph: RICE)
{
  id: ID!
  name: String!
  nutritionalInfo: NutritionalInfo
  origin: String
  variety: String!
}

type Query
{
  lentil(id: ID!): Lentil @join__field(graph: LENTILS)
  lentils: [Lentil] @join__field(graph: LENTILS)
  rice(id: ID!): Rice @join__field(graph: RICE)
  rices: [Rice] @join__field(graph: RICE)
}

type Mutation
{
  addLentil(input: AddLentilInput!): Lentil @join__field(graph: LENTILS)
  deleteLentil(id: ID!): Lentil @join__field(graph: LENTILS)
}

enum join__Graph
{
  LENTILS @join__graph(name: "lentils", url: "http://example.com/lentils")
  RICE @join__graph(name: "rice", url: "http://example.com/rice")
}

input AddLentilInput
  @join__type(graph: LENTILS)
{
  name: String!
  color: String!
  origin: String
  nutritionalInfo: NutritionalInfoInput
}

input NutritionalInfoInput
  @join__type(graph: LENTILS)
{
  calories: Int
  protein: Float
  carbohydrates: Float
  fiber: Float
  fat: Float
}
